Archive member included because of file (symbol)

c:/winavr-20100110/bin/../lib/gcc/avr/4.3.3/avr5\libgcc.a(_udivmodhi4.o)
                              ./SERVICES/FreeRTOS/Source/portable/MemMang/heap_4.o (__udivmodhi4)
c:/winavr-20100110/bin/../lib/gcc/avr/4.3.3/avr5\libgcc.a(_divmodsi4.o)
                              ./HAL/lcd/lcd.o (__divmodsi4)
c:/winavr-20100110/bin/../lib/gcc/avr/4.3.3/avr5\libgcc.a(_exit.o)
                              c:/winavr-20100110/bin/../lib/gcc/avr/4.3.3/../../../../avr/lib/avr5/crtm32.o (exit)
c:/winavr-20100110/bin/../lib/gcc/avr/4.3.3/avr5\libgcc.a(_copy_data.o)
                              ./SERVICES/FreeRTOS/Source/portable/MemMang/heap_4.o (__do_copy_data)
c:/winavr-20100110/bin/../lib/gcc/avr/4.3.3/avr5\libgcc.a(_clear_bss.o)
                              ./SERVICES/FreeRTOS/Source/portable/MemMang/heap_4.o (__do_clear_bss)
c:/winavr-20100110/bin/../lib/gcc/avr/4.3.3/avr5\libgcc.a(_fixunssfsi.o)
                              ./HAL/lcd/lcd.o (__fixunssfsi)
c:/winavr-20100110/bin/../lib/gcc/avr/4.3.3/avr5\libgcc.a(_addsub_sf.o)
                              c:/winavr-20100110/bin/../lib/gcc/avr/4.3.3/avr5\libgcc.a(_fixunssfsi.o) (__subsf3)
c:/winavr-20100110/bin/../lib/gcc/avr/4.3.3/avr5\libgcc.a(_mul_sf.o)
                              ./HAL/lcd/lcd.o (__mulsf3)
c:/winavr-20100110/bin/../lib/gcc/avr/4.3.3/avr5\libgcc.a(_div_sf.o)
                              ./HAL/lcd/lcd.o (__divsf3)
c:/winavr-20100110/bin/../lib/gcc/avr/4.3.3/avr5\libgcc.a(_gt_sf.o)
                              ./HAL/lcd/lcd.o (__gtsf2)
c:/winavr-20100110/bin/../lib/gcc/avr/4.3.3/avr5\libgcc.a(_ge_sf.o)
                              c:/winavr-20100110/bin/../lib/gcc/avr/4.3.3/avr5\libgcc.a(_fixunssfsi.o) (__gesf2)
c:/winavr-20100110/bin/../lib/gcc/avr/4.3.3/avr5\libgcc.a(_lt_sf.o)
                              ./HAL/lcd/lcd.o (__ltsf2)
c:/winavr-20100110/bin/../lib/gcc/avr/4.3.3/avr5\libgcc.a(_sf_to_si.o)
                              c:/winavr-20100110/bin/../lib/gcc/avr/4.3.3/avr5\libgcc.a(_fixunssfsi.o) (__fixsfsi)
c:/winavr-20100110/bin/../lib/gcc/avr/4.3.3/avr5\libgcc.a(_thenan_sf.o)
                              c:/winavr-20100110/bin/../lib/gcc/avr/4.3.3/avr5\libgcc.a(_addsub_sf.o) (__thenan_sf)
c:/winavr-20100110/bin/../lib/gcc/avr/4.3.3/avr5\libgcc.a(_udivmodsi4.o)
                              c:/winavr-20100110/bin/../lib/gcc/avr/4.3.3/avr5\libgcc.a(_divmodsi4.o) (__udivmodsi4)
c:/winavr-20100110/bin/../lib/gcc/avr/4.3.3/avr5\libgcc.a(_prologue.o)
                              c:/winavr-20100110/bin/../lib/gcc/avr/4.3.3/avr5\libgcc.a(_addsub_sf.o) (__prologue_saves__)
c:/winavr-20100110/bin/../lib/gcc/avr/4.3.3/avr5\libgcc.a(_epilogue.o)
                              c:/winavr-20100110/bin/../lib/gcc/avr/4.3.3/avr5\libgcc.a(_addsub_sf.o) (__epilogue_restores__)
c:/winavr-20100110/bin/../lib/gcc/avr/4.3.3/avr5\libgcc.a(_pack_sf.o)
                              c:/winavr-20100110/bin/../lib/gcc/avr/4.3.3/avr5\libgcc.a(_addsub_sf.o) (__pack_f)
c:/winavr-20100110/bin/../lib/gcc/avr/4.3.3/avr5\libgcc.a(_unpack_sf.o)
                              c:/winavr-20100110/bin/../lib/gcc/avr/4.3.3/avr5\libgcc.a(_addsub_sf.o) (__unpack_f)
c:/winavr-20100110/bin/../lib/gcc/avr/4.3.3/avr5\libgcc.a(_fpcmp_parts_sf.o)
                              c:/winavr-20100110/bin/../lib/gcc/avr/4.3.3/avr5\libgcc.a(_gt_sf.o) (__fpcmp_parts_f)
c:/winavr-20100110/bin/../lib/gcc/avr/4.3.3/../../../../avr/lib/avr5\libc.a(memcpy.o)
                              ./SERVICES/FreeRTOS/Source/queue.o (memcpy)
c:/winavr-20100110/bin/../lib/gcc/avr/4.3.3/../../../../avr/lib/avr5\libc.a(memset.o)
                              ./SERVICES/FreeRTOS/Source/portable/MemMang/heap_4.o (memset)

Allocating common symbols
Common symbol       size              file

uart_TxBuffer       0x64              ./MCAL/uart/uart.o
uart_rx_flag        0x1               ./MCAL/uart/uart.o
uart_RxBuffer       0x64              ./MCAL/uart/uart.o

Memory Configuration

Name             Origin             Length             Attributes
text             0x00000000         0x00020000         xr
data             0x00800060         0x0000ffa0         rw !x
eeprom           0x00810000         0x00010000         rw !x
fuse             0x00820000         0x00000400         rw !x
lock             0x00830000         0x00000400         rw !x
signature        0x00840000         0x00000400         rw !x
*default*        0x00000000         0xffffffff

Linker script and memory map

LOAD c:/winavr-20100110/bin/../lib/gcc/avr/4.3.3/../../../../avr/lib/avr5/crtm32.o
LOAD ./SERVICES/FreeRTOS/Source/portable/MemMang/heap_4.o
LOAD ./SERVICES/FreeRTOS/Source/portable/GCC/ATMega323/port.o
LOAD ./SERVICES/FreeRTOS/Source/list.o
LOAD ./SERVICES/FreeRTOS/Source/queue.o
LOAD ./SERVICES/FreeRTOS/Source/tasks.o
LOAD ./SERVICES/FreeRTOS/Source/timers.o
LOAD ./MCAL/uart/uart.o
LOAD ./MCAL/spi/Spi.o
LOAD ./MCAL/Dio/dio.o
LOAD ./HAL/lcd/lcd.o
LOAD ./HAL/keypad/keypad.o
LOAD ./HAL/Led/led.o
LOAD ./HAL/Button/button.o
LOAD ./main.o
LOAD c:/winavr-20100110/bin/../lib/gcc/avr/4.3.3/avr5\libgcc.a
LOAD c:/winavr-20100110/bin/../lib/gcc/avr/4.3.3/../../../../avr/lib/avr5\libc.a
LOAD c:/winavr-20100110/bin/../lib/gcc/avr/4.3.3/avr5\libgcc.a

.hash
 *(.hash)

.dynsym
 *(.dynsym)

.dynstr
 *(.dynstr)

.gnu.version
 *(.gnu.version)

.gnu.version_d
 *(.gnu.version_d)

.gnu.version_r
 *(.gnu.version_r)

.rel.init
 *(.rel.init)

.rela.init
 *(.rela.init)

.rel.text
 *(.rel.text)
 *(.rel.text.*)
 *(.rel.gnu.linkonce.t*)

.rela.text
 *(.rela.text)
 *(.rela.text.*)
 *(.rela.gnu.linkonce.t*)

.rel.fini
 *(.rel.fini)

.rela.fini
 *(.rela.fini)

.rel.rodata
 *(.rel.rodata)
 *(.rel.rodata.*)
 *(.rel.gnu.linkonce.r*)

.rela.rodata
 *(.rela.rodata)
 *(.rela.rodata.*)
 *(.rela.gnu.linkonce.r*)

.rel.data
 *(.rel.data)
 *(.rel.data.*)
 *(.rel.gnu.linkonce.d*)

.rela.data
 *(.rela.data)
 *(.rela.data.*)
 *(.rela.gnu.linkonce.d*)

.rel.ctors
 *(.rel.ctors)

.rela.ctors
 *(.rela.ctors)

.rel.dtors
 *(.rel.dtors)

.rela.dtors
 *(.rela.dtors)

.rel.got
 *(.rel.got)

.rela.got
 *(.rela.got)

.rel.bss
 *(.rel.bss)

.rela.bss
 *(.rela.bss)

.rel.plt
 *(.rel.plt)

.rela.plt
 *(.rela.plt)

.text           0x00000000     0x79d0
 *(.vectors)
 .vectors       0x00000000       0x54 c:/winavr-20100110/bin/../lib/gcc/avr/4.3.3/../../../../avr/lib/avr5/crtm32.o
                0x00000000                __vectors
                0x00000000                __vector_default
 *(.vectors)
 *(.progmem.gcc*)
 *(.progmem*)
                0x00000054                . = ALIGN (0x2)
                0x00000054                __trampolines_start = .
 *(.trampolines)
 .trampolines   0x00000054        0x0 linker stubs
 *(.trampolines*)
                0x00000054                __trampolines_end = .
 *(.jumptables)
 *(.jumptables*)
 *(.lowtext)
 *(.lowtext*)
                0x00000054                __ctors_start = .
 *(.ctors)
                0x00000054                __ctors_end = .
                0x00000054                __dtors_start = .
 *(.dtors)
                0x00000054                __dtors_end = .
 SORT(*)(.ctors)
 SORT(*)(.dtors)
 *(.init0)
 .init0         0x00000054        0x0 c:/winavr-20100110/bin/../lib/gcc/avr/4.3.3/../../../../avr/lib/avr5/crtm32.o
                0x00000054                __init
 *(.init0)
 *(.init1)
 *(.init1)
 *(.init2)
 .init2         0x00000054        0xc c:/winavr-20100110/bin/../lib/gcc/avr/4.3.3/../../../../avr/lib/avr5/crtm32.o
 *(.init2)
 *(.init3)
 *(.init3)
 *(.init4)
 .init4         0x00000060       0x16 c:/winavr-20100110/bin/../lib/gcc/avr/4.3.3/avr5\libgcc.a(_copy_data.o)
                0x00000060                __do_copy_data
 .init4         0x00000076       0x10 c:/winavr-20100110/bin/../lib/gcc/avr/4.3.3/avr5\libgcc.a(_clear_bss.o)
                0x00000076                __do_clear_bss
 *(.init4)
 *(.init5)
 *(.init5)
 *(.init6)
 *(.init6)
 *(.init7)
 *(.init7)
 *(.init8)
 *(.init8)
 *(.init9)
 .init9         0x00000086        0x8 c:/winavr-20100110/bin/../lib/gcc/avr/4.3.3/../../../../avr/lib/avr5/crtm32.o
 *(.init9)
 *(.text)
 .text          0x0000008e        0x4 c:/winavr-20100110/bin/../lib/gcc/avr/4.3.3/../../../../avr/lib/avr5/crtm32.o
                0x0000008e                __vector_1
                0x0000008e                __vector_12
                0x0000008e                __bad_interrupt
                0x0000008e                __vector_6
                0x0000008e                __vector_3
                0x0000008e                __vector_11
                0x0000008e                __vector_17
                0x0000008e                __vector_19
                0x0000008e                __vector_5
                0x0000008e                __vector_4
                0x0000008e                __vector_9
                0x0000008e                __vector_2
                0x0000008e                __vector_8
                0x0000008e                __vector_14
                0x0000008e                __vector_10
                0x0000008e                __vector_16
                0x0000008e                __vector_18
                0x0000008e                __vector_20
 .text          0x00000092        0x0 ./SERVICES/FreeRTOS/Source/portable/MemMang/heap_4.o
 .text          0x00000092        0x0 ./SERVICES/FreeRTOS/Source/portable/GCC/ATMega323/port.o
 .text          0x00000092        0x0 ./SERVICES/FreeRTOS/Source/list.o
 .text          0x00000092        0x0 ./SERVICES/FreeRTOS/Source/queue.o
 .text          0x00000092        0x0 ./SERVICES/FreeRTOS/Source/tasks.o
 .text          0x00000092        0x0 ./SERVICES/FreeRTOS/Source/timers.o
 .text          0x00000092        0x0 ./MCAL/uart/uart.o
 .text          0x00000092        0x0 ./MCAL/spi/Spi.o
 .text          0x00000092        0x0 ./MCAL/Dio/dio.o
 .text          0x00000092        0x0 ./HAL/lcd/lcd.o
 .text          0x00000092        0x0 ./HAL/keypad/keypad.o
 .text          0x00000092        0x0 ./HAL/Led/led.o
 .text          0x00000092        0x0 ./HAL/Button/button.o
 .text          0x00000092        0x0 ./main.o
 .text          0x00000092        0x0 c:/winavr-20100110/bin/../lib/gcc/avr/4.3.3/avr5\libgcc.a(_udivmodhi4.o)
 .text          0x00000092        0x0 c:/winavr-20100110/bin/../lib/gcc/avr/4.3.3/avr5\libgcc.a(_divmodsi4.o)
 .text          0x00000092        0x0 c:/winavr-20100110/bin/../lib/gcc/avr/4.3.3/avr5\libgcc.a(_exit.o)
 .text          0x00000092        0x0 c:/winavr-20100110/bin/../lib/gcc/avr/4.3.3/avr5\libgcc.a(_copy_data.o)
 .text          0x00000092        0x0 c:/winavr-20100110/bin/../lib/gcc/avr/4.3.3/avr5\libgcc.a(_clear_bss.o)
 .text          0x00000092       0x58 c:/winavr-20100110/bin/../lib/gcc/avr/4.3.3/avr5\libgcc.a(_fixunssfsi.o)
                0x00000092                __fixunssfsi
 .text          0x000000ea      0x354 c:/winavr-20100110/bin/../lib/gcc/avr/4.3.3/avr5\libgcc.a(_addsub_sf.o)
                0x00000382                __subsf3
                0x000003e4                __addsf3
 .text          0x0000043e      0x1f4 c:/winavr-20100110/bin/../lib/gcc/avr/4.3.3/avr5\libgcc.a(_mul_sf.o)
                0x0000043e                __mulsf3
 .text          0x00000632      0x158 c:/winavr-20100110/bin/../lib/gcc/avr/4.3.3/avr5\libgcc.a(_div_sf.o)
                0x00000632                __divsf3
 .text          0x0000078a       0x60 c:/winavr-20100110/bin/../lib/gcc/avr/4.3.3/avr5\libgcc.a(_gt_sf.o)
                0x0000078a                __gtsf2
 .text          0x000007ea       0x60 c:/winavr-20100110/bin/../lib/gcc/avr/4.3.3/avr5\libgcc.a(_ge_sf.o)
                0x000007ea                __gesf2
 .text          0x0000084a       0x60 c:/winavr-20100110/bin/../lib/gcc/avr/4.3.3/avr5\libgcc.a(_lt_sf.o)
                0x0000084a                __ltsf2
 .text          0x000008aa       0xa8 c:/winavr-20100110/bin/../lib/gcc/avr/4.3.3/avr5\libgcc.a(_sf_to_si.o)
                0x000008aa                __fixsfsi
 .text          0x00000952        0x0 c:/winavr-20100110/bin/../lib/gcc/avr/4.3.3/avr5\libgcc.a(_thenan_sf.o)
 .text          0x00000952        0x0 c:/winavr-20100110/bin/../lib/gcc/avr/4.3.3/avr5\libgcc.a(_udivmodsi4.o)
 .text          0x00000952        0x0 c:/winavr-20100110/bin/../lib/gcc/avr/4.3.3/avr5\libgcc.a(_prologue.o)
 .text          0x00000952        0x0 c:/winavr-20100110/bin/../lib/gcc/avr/4.3.3/avr5\libgcc.a(_epilogue.o)
 .text          0x00000952      0x1aa c:/winavr-20100110/bin/../lib/gcc/avr/4.3.3/avr5\libgcc.a(_pack_sf.o)
                0x00000952                __pack_f
 .text          0x00000afc       0xf0 c:/winavr-20100110/bin/../lib/gcc/avr/4.3.3/avr5\libgcc.a(_unpack_sf.o)
                0x00000afc                __unpack_f
 .text          0x00000bec       0xb2 c:/winavr-20100110/bin/../lib/gcc/avr/4.3.3/avr5\libgcc.a(_fpcmp_parts_sf.o)
                0x00000bec                __fpcmp_parts_f
 .text          0x00000c9e        0x0 c:/winavr-20100110/bin/../lib/gcc/avr/4.3.3/../../../../avr/lib/avr5\libc.a(memcpy.o)
 .text          0x00000c9e        0x0 c:/winavr-20100110/bin/../lib/gcc/avr/4.3.3/../../../../avr/lib/avr5\libc.a(memset.o)
                0x00000c9e                . = ALIGN (0x2)
 *(.text.*)
 .text.pvPortMalloc
                0x00000c9e      0x20a ./SERVICES/FreeRTOS/Source/portable/MemMang/heap_4.o
                0x00000c9e                pvPortMalloc
 .text.vPortFree
                0x00000ea8       0xc2 ./SERVICES/FreeRTOS/Source/portable/MemMang/heap_4.o
                0x00000ea8                vPortFree
 .text.xPortGetFreeHeapSize
                0x00000f6a       0x16 ./SERVICES/FreeRTOS/Source/portable/MemMang/heap_4.o
                0x00000f6a                xPortGetFreeHeapSize
 .text.xPortGetMinimumEverFreeHeapSize
                0x00000f80       0x16 ./SERVICES/FreeRTOS/Source/portable/MemMang/heap_4.o
                0x00000f80                xPortGetMinimumEverFreeHeapSize
 .text.vPortInitialiseBlocks
                0x00000f96        0xe ./SERVICES/FreeRTOS/Source/portable/MemMang/heap_4.o
                0x00000f96                vPortInitialiseBlocks
 .text.pvPortCalloc
                0x00000fa4       0xbe ./SERVICES/FreeRTOS/Source/portable/MemMang/heap_4.o
                0x00000fa4                pvPortCalloc
 .text.prvHeapInit
                0x00001062       0xe6 ./SERVICES/FreeRTOS/Source/portable/MemMang/heap_4.o
 .text.prvInsertBlockIntoFreeList
                0x00001148      0x144 ./SERVICES/FreeRTOS/Source/portable/MemMang/heap_4.o
 .text.vPortGetHeapStats
                0x0000128c      0x12a ./SERVICES/FreeRTOS/Source/portable/MemMang/heap_4.o
                0x0000128c                vPortGetHeapStats
 .text.pxPortInitialiseStack
                0x000013b6      0x306 ./SERVICES/FreeRTOS/Source/portable/GCC/ATMega323/port.o
                0x000013b6                pxPortInitialiseStack
 .text.xPortStartScheduler
                0x000016bc       0x6a ./SERVICES/FreeRTOS/Source/portable/GCC/ATMega323/port.o
                0x000016bc                xPortStartScheduler
 .text.vPortEndScheduler
                0x00001726        0xe ./SERVICES/FreeRTOS/Source/portable/GCC/ATMega323/port.o
                0x00001726                vPortEndScheduler
 .text.vPortYield
                0x00001734       0xb2 ./SERVICES/FreeRTOS/Source/portable/GCC/ATMega323/port.o
                0x00001734                vPortYield
 .text.vPortYieldFromTick
                0x000017e6       0xba ./SERVICES/FreeRTOS/Source/portable/GCC/ATMega323/port.o
                0x000017e6                vPortYieldFromTick
 .text.prvSetupTimerInterrupt
                0x000018a0       0xb8 ./SERVICES/FreeRTOS/Source/portable/GCC/ATMega323/port.o
 .text.__vector_7
                0x00001958        0x6 ./SERVICES/FreeRTOS/Source/portable/GCC/ATMega323/port.o
                0x00001958                __vector_7
 .text.vListInitialise
                0x0000195e       0x54 ./SERVICES/FreeRTOS/Source/list.o
                0x0000195e                vListInitialise
 .text.vListInitialiseItem
                0x000019b2       0x20 ./SERVICES/FreeRTOS/Source/list.o
                0x000019b2                vListInitialiseItem
 .text.vListInsertEnd
                0x000019d2       0x88 ./SERVICES/FreeRTOS/Source/list.o
                0x000019d2                vListInsertEnd
 .text.vListInsert
                0x00001a5a       0xd8 ./SERVICES/FreeRTOS/Source/list.o
                0x00001a5a                vListInsert
 .text.uxListRemove
                0x00001b32       0x98 ./SERVICES/FreeRTOS/Source/list.o
                0x00001b32                uxListRemove
 .text.xQueueGenericReset
                0x00001bca      0x156 ./SERVICES/FreeRTOS/Source/queue.o
                0x00001bca                xQueueGenericReset
 .text.xQueueGenericCreate
                0x00001d20       0xe8 ./SERVICES/FreeRTOS/Source/queue.o
                0x00001d20                xQueueGenericCreate
 .text.prvInitialiseNewQueue
                0x00001e08       0x76 ./SERVICES/FreeRTOS/Source/queue.o
 .text.xQueueGenericSend
                0x00001e7e      0x158 ./SERVICES/FreeRTOS/Source/queue.o
                0x00001e7e                xQueueGenericSend
 .text.xQueueGenericSendFromISR
                0x00001fd6       0xc6 ./SERVICES/FreeRTOS/Source/queue.o
                0x00001fd6                xQueueGenericSendFromISR
 .text.xQueueGiveFromISR
                0x0000209c       0xb0 ./SERVICES/FreeRTOS/Source/queue.o
                0x0000209c                xQueueGiveFromISR
 .text.xQueueReceive
                0x0000214c      0x156 ./SERVICES/FreeRTOS/Source/queue.o
                0x0000214c                xQueueReceive
 .text.xQueueSemaphoreTake
                0x000022a2      0x144 ./SERVICES/FreeRTOS/Source/queue.o
                0x000022a2                xQueueSemaphoreTake
 .text.xQueuePeek
                0x000023e6      0x164 ./SERVICES/FreeRTOS/Source/queue.o
                0x000023e6                xQueuePeek
 .text.xQueueReceiveFromISR
                0x0000254a       0xbc ./SERVICES/FreeRTOS/Source/queue.o
                0x0000254a                xQueueReceiveFromISR
 .text.xQueuePeekFromISR
                0x00002606       0x72 ./SERVICES/FreeRTOS/Source/queue.o
                0x00002606                xQueuePeekFromISR
 .text.uxQueueMessagesWaiting
                0x00002678       0x30 ./SERVICES/FreeRTOS/Source/queue.o
                0x00002678                uxQueueMessagesWaiting
 .text.uxQueueSpacesAvailable
                0x000026a8       0x4a ./SERVICES/FreeRTOS/Source/queue.o
                0x000026a8                uxQueueSpacesAvailable
 .text.uxQueueMessagesWaitingFromISR
                0x000026f2       0x34 ./SERVICES/FreeRTOS/Source/queue.o
                0x000026f2                uxQueueMessagesWaitingFromISR
 .text.vQueueDelete
                0x00002726       0x2e ./SERVICES/FreeRTOS/Source/queue.o
                0x00002726                vQueueDelete
 .text.prvCopyDataToQueue
                0x00002754      0x14c ./SERVICES/FreeRTOS/Source/queue.o
 .text.prvCopyDataFromQueue
                0x000028a0       0x8e ./SERVICES/FreeRTOS/Source/queue.o
 .text.prvUnlockQueue
                0x0000292e       0xa6 ./SERVICES/FreeRTOS/Source/queue.o
 .text.prvIsQueueEmpty
                0x000029d4       0x3a ./SERVICES/FreeRTOS/Source/queue.o
 .text.xQueueIsQueueEmptyFromISR
                0x00002a0e       0x3e ./SERVICES/FreeRTOS/Source/queue.o
                0x00002a0e                xQueueIsQueueEmptyFromISR
 .text.prvIsQueueFull
                0x00002a4c       0x40 ./SERVICES/FreeRTOS/Source/queue.o
 .text.xQueueIsQueueFullFromISR
                0x00002a8c       0x44 ./SERVICES/FreeRTOS/Source/queue.o
                0x00002a8c                xQueueIsQueueFullFromISR
 .text.xTaskCreate
                0x00002ad0      0x100 ./SERVICES/FreeRTOS/Source/tasks.o
                0x00002ad0                xTaskCreate
 .text.prvInitialiseNewTask
                0x00002bd0      0x15e ./SERVICES/FreeRTOS/Source/tasks.o
 .text.prvAddNewTaskToReadyList
                0x00002d2e      0x17a ./SERVICES/FreeRTOS/Source/tasks.o
 .text.vTaskDelete
                0x00002ea8       0xf6 ./SERVICES/FreeRTOS/Source/tasks.o
                0x00002ea8                vTaskDelete
 .text.xTaskDelayUntil
                0x00002f9e       0xe6 ./SERVICES/FreeRTOS/Source/tasks.o
                0x00002f9e                xTaskDelayUntil
 .text.vTaskDelay
                0x00003084       0x44 ./SERVICES/FreeRTOS/Source/tasks.o
                0x00003084                vTaskDelay
 .text.vTaskStartScheduler
                0x000030c8       0x6a ./SERVICES/FreeRTOS/Source/tasks.o
                0x000030c8                vTaskStartScheduler
 .text.vTaskEndScheduler
                0x00003132       0x18 ./SERVICES/FreeRTOS/Source/tasks.o
                0x00003132                vTaskEndScheduler
 .text.vTaskSuspendAll
                0x0000314a       0x18 ./SERVICES/FreeRTOS/Source/tasks.o
                0x0000314a                vTaskSuspendAll
 .text.xTaskResumeAll
                0x00003162      0x2a0 ./SERVICES/FreeRTOS/Source/tasks.o
                0x00003162                xTaskResumeAll
 .text.xTaskGetTickCount
                0x00003402       0x2e ./SERVICES/FreeRTOS/Source/tasks.o
                0x00003402                xTaskGetTickCount
 .text.xTaskGetTickCountFromISR
                0x00003430       0x2a ./SERVICES/FreeRTOS/Source/tasks.o
                0x00003430                xTaskGetTickCountFromISR
 .text.uxTaskGetNumberOfTasks
                0x0000345a       0x12 ./SERVICES/FreeRTOS/Source/tasks.o
                0x0000345a                uxTaskGetNumberOfTasks
 .text.pcTaskGetName
                0x0000346c       0x50 ./SERVICES/FreeRTOS/Source/tasks.o
                0x0000346c                pcTaskGetName
 .text.xTaskCatchUpTicks
                0x000034bc       0x4a ./SERVICES/FreeRTOS/Source/tasks.o
                0x000034bc                xTaskCatchUpTicks
 .text.xTaskIncrementTick
                0x00003506      0x32e ./SERVICES/FreeRTOS/Source/tasks.o
                0x00003506                xTaskIncrementTick
 .text.vTaskSwitchContext
                0x00003834       0xda ./SERVICES/FreeRTOS/Source/tasks.o
                0x00003834                vTaskSwitchContext
 .text.vTaskPlaceOnEventList
                0x0000390e       0x44 ./SERVICES/FreeRTOS/Source/tasks.o
                0x0000390e                vTaskPlaceOnEventList
 .text.vTaskPlaceOnUnorderedEventList
                0x00003952       0xca ./SERVICES/FreeRTOS/Source/tasks.o
                0x00003952                vTaskPlaceOnUnorderedEventList
 .text.xTaskRemoveFromEventList
                0x00003a1c      0x288 ./SERVICES/FreeRTOS/Source/tasks.o
                0x00003a1c                xTaskRemoveFromEventList
 .text.vTaskRemoveFromUnorderedEventList
                0x00003ca4      0x21c ./SERVICES/FreeRTOS/Source/tasks.o
                0x00003ca4                vTaskRemoveFromUnorderedEventList
 .text.vTaskSetTimeOutState
                0x00003ec0       0x3c ./SERVICES/FreeRTOS/Source/tasks.o
                0x00003ec0                vTaskSetTimeOutState
 .text.vTaskInternalSetTimeOutState
                0x00003efc       0x32 ./SERVICES/FreeRTOS/Source/tasks.o
                0x00003efc                vTaskInternalSetTimeOutState
 .text.xTaskCheckForTimeOut
                0x00003f2e       0xce ./SERVICES/FreeRTOS/Source/tasks.o
                0x00003f2e                xTaskCheckForTimeOut
 .text.vTaskMissedYield
                0x00003ffc       0x14 ./SERVICES/FreeRTOS/Source/tasks.o
                0x00003ffc                vTaskMissedYield
 .text.prvIdleTask
                0x00004010       0x20 ./SERVICES/FreeRTOS/Source/tasks.o
 .text.prvInitialiseTaskLists
                0x00004030       0x7a ./SERVICES/FreeRTOS/Source/tasks.o
 .text.prvCheckTasksWaitingTermination
                0x000040aa       0x5e ./SERVICES/FreeRTOS/Source/tasks.o
 .text.prvDeleteTCB
                0x00004108       0x2c ./SERVICES/FreeRTOS/Source/tasks.o
 .text.prvResetNextTaskUnblockTime
                0x00004134       0x44 ./SERVICES/FreeRTOS/Source/tasks.o
 .text.xTaskGetCurrentTaskHandle
                0x00004178       0x24 ./SERVICES/FreeRTOS/Source/tasks.o
                0x00004178                xTaskGetCurrentTaskHandle
 .text.uxTaskResetEventItemValue
                0x0000419c       0x4e ./SERVICES/FreeRTOS/Source/tasks.o
                0x0000419c                uxTaskResetEventItemValue
 .text.ulTaskGenericNotifyTake
                0x000041ea      0x16c ./SERVICES/FreeRTOS/Source/tasks.o
                0x000041ea                ulTaskGenericNotifyTake
 .text.xTaskGenericNotifyWait
                0x00004356      0x1ee ./SERVICES/FreeRTOS/Source/tasks.o
                0x00004356                xTaskGenericNotifyWait
 .text.xTaskGenericNotify
                0x00004544      0x37c ./SERVICES/FreeRTOS/Source/tasks.o
                0x00004544                xTaskGenericNotify
 .text.xTaskGenericNotifyFromISR
                0x000048c0      0x3fe ./SERVICES/FreeRTOS/Source/tasks.o
                0x000048c0                xTaskGenericNotifyFromISR
 .text.vTaskGenericNotifyGiveFromISR
                0x00004cbe      0x2a0 ./SERVICES/FreeRTOS/Source/tasks.o
                0x00004cbe                vTaskGenericNotifyGiveFromISR
 .text.xTaskGenericNotifyStateClear
                0x00004f5e       0x92 ./SERVICES/FreeRTOS/Source/tasks.o
                0x00004f5e                xTaskGenericNotifyStateClear
 .text.ulTaskGenericNotifyValueClear
                0x00004ff0      0x104 ./SERVICES/FreeRTOS/Source/tasks.o
                0x00004ff0                ulTaskGenericNotifyValueClear
 .text.prvAddCurrentTaskToDelayedList
                0x000050f4       0xcc ./SERVICES/FreeRTOS/Source/tasks.o
 .text.UART_Init
                0x000051c0       0x58 ./MCAL/uart/uart.o
                0x000051c0                UART_Init
 .text.UART_TransmitChr
                0x00005218       0x3c ./MCAL/uart/uart.o
                0x00005218                UART_TransmitChr
 .text.UART_ReceiveChr
                0x00005254       0x1e ./MCAL/uart/uart.o
                0x00005254                UART_ReceiveChr
 .text.UART_TransmitStrPoll
                0x00005272       0x38 ./MCAL/uart/uart.o
                0x00005272                UART_TransmitStrPoll
 .text.UART_Receivestr
                0x000052aa       0x5c ./MCAL/uart/uart.o
                0x000052aa                UART_Receivestr
 .text.uart_sendByte
                0x00005306       0x1c ./MCAL/uart/uart.o
                0x00005306                uart_sendByte
 .text.uart_sendMessage
                0x00005322       0x78 ./MCAL/uart/uart.o
                0x00005322                uart_sendMessage
 .text.uart_isMessageReceived
                0x0000539a       0x12 ./MCAL/uart/uart.o
                0x0000539a                uart_isMessageReceived
 .text.uart_receiveMessage
                0x000053ac       0x62 ./MCAL/uart/uart.o
                0x000053ac                uart_receiveMessage
 .text.__vector_15
                0x0000540e       0x6c ./MCAL/uart/uart.o
                0x0000540e                __vector_15
 .text.__vector_13
                0x0000547a       0x84 ./MCAL/uart/uart.o
                0x0000547a                __vector_13
 .text.Spi_vidMasterInit
                0x000054fe       0x68 ./MCAL/spi/Spi.o
                0x000054fe                Spi_vidMasterInit
 .text.Spi_vidSlaveInit
                0x00005566       0x52 ./MCAL/spi/Spi.o
                0x00005566                Spi_vidSlaveInit
 .text.Spi_MasterWrite
                0x000055b8       0x44 ./MCAL/spi/Spi.o
                0x000055b8                Spi_MasterWrite
 .text.Spi_u8MasterRead
                0x000055fc       0x2e ./MCAL/spi/Spi.o
                0x000055fc                Spi_u8MasterRead
 .text.Spi_u8MasterTranseve
                0x0000562a       0x2c ./MCAL/spi/Spi.o
                0x0000562a                Spi_u8MasterTranseve
 .text.Spi_u8SlaveRead
                0x00005656       0x1e ./MCAL/spi/Spi.o
                0x00005656                Spi_u8SlaveRead
 .text.Spi_vidSlaveWrite
                0x00005674       0x1c ./MCAL/spi/Spi.o
                0x00005674                Spi_vidSlaveWrite
 .text.dio_vidConfigChannel
                0x00005690      0x1c6 ./MCAL/Dio/dio.o
                0x00005690                dio_vidConfigChannel
 .text.dio_vidWriteChannel
                0x00005856      0x1c6 ./MCAL/Dio/dio.o
                0x00005856                dio_vidWriteChannel
 .text.dio_vidWriteChannelGroup
                0x00005a1c       0x1e ./MCAL/Dio/dio.o
                0x00005a1c                dio_vidWriteChannelGroup
 .text.dio_vidFlipChannel
                0x00005a3a       0xfa ./MCAL/Dio/dio.o
                0x00005a3a                dio_vidFlipChannel
 .text.dio_dioLevelReadChannel
                0x00005b34       0xf4 ./MCAL/Dio/dio.o
                0x00005b34                dio_dioLevelReadChannel
 .text.dio_vidEnablePullUp
                0x00005c28       0xfa ./MCAL/Dio/dio.o
                0x00005c28                dio_vidEnablePullUp
 .text.enablePulse
                0x00005d22      0x29a ./HAL/lcd/lcd.o
 .text.lcd_vidInit
                0x00005fbc      0x3da ./HAL/lcd/lcd.o
                0x00005fbc                lcd_vidInit
 .text.lcd_vidSendCmd
                0x00006396      0x1c0 ./HAL/lcd/lcd.o
                0x00006396                lcd_vidSendCmd
 .text.lcd_vidSendData
                0x00006556       0xc8 ./HAL/lcd/lcd.o
                0x00006556                lcd_vidSendData
 .text.lcd_vidGotoRowColumn
                0x0000661e       0x82 ./HAL/lcd/lcd.o
                0x0000661e                lcd_vidGotoRowColumn
 .text.lcd_vidDisplyChar
                0x000066a0       0x1a ./HAL/lcd/lcd.o
                0x000066a0                lcd_vidDisplyChar
 .text.lcd_vidDisplyStr
                0x000066ba       0x38 ./HAL/lcd/lcd.o
                0x000066ba                lcd_vidDisplyStr
 .text.lcd_vidCustomWrite
                0x000066f2       0x7a ./HAL/lcd/lcd.o
                0x000066f2                lcd_vidCustomWrite
 .text.lcd_vidDisplayNum
                0x0000676c      0x12c ./HAL/lcd/lcd.o
                0x0000676c                lcd_vidDisplayNum
 .text.lcd_vidClrDislay
                0x00006898      0x110 ./HAL/lcd/lcd.o
                0x00006898                lcd_vidClrDislay
 .text.keypad_vidInit
                0x000069a8       0x86 ./HAL/keypad/keypad.o
                0x000069a8                keypad_vidInit
 .text.keypad_bolIsPressed
                0x00006a2e       0x4c ./HAL/keypad/keypad.o
                0x00006a2e                keypad_bolIsPressed
 .text.keypad_GetCol
                0x00006a7a       0x84 ./HAL/keypad/keypad.o
                0x00006a7a                keypad_GetCol
 .text.keypad_GetRow
                0x00006afe       0xc8 ./HAL/keypad/keypad.o
                0x00006afe                keypad_GetRow
 .text.keypad_u8GetKey
                0x00006bc6      0x15e ./HAL/keypad/keypad.o
                0x00006bc6                keypad_u8GetKey
 .text.led_init
                0x00006d24       0x86 ./HAL/Led/led.o
                0x00006d24                led_init
 .text.led_on   0x00006daa       0x86 ./HAL/Led/led.o
                0x00006daa                led_on
 .text.led_off  0x00006e30       0x86 ./HAL/Led/led.o
                0x00006e30                led_off
 .text.led_toggle
                0x00006eb6       0x7e ./HAL/Led/led.o
                0x00006eb6                led_toggle
 .text.button_init
                0x00006f34       0xa6 ./HAL/Button/button.o
                0x00006f34                button_init
 .text.button_getStatus
                0x00006fda      0x478 ./HAL/Button/button.o
                0x00006fda                button_getStatus
 .text.main     0x00007452      0x44a ./main.o
                0x00007452                main
 .text.libgcc   0x0000789c       0x28 c:/winavr-20100110/bin/../lib/gcc/avr/4.3.3/avr5\libgcc.a(_udivmodhi4.o)
                0x0000789c                __udivmodhi4
 .text.libgcc   0x000078c4       0x36 c:/winavr-20100110/bin/../lib/gcc/avr/4.3.3/avr5\libgcc.a(_divmodsi4.o)
                0x000078c4                __divmodsi4
 .text.libgcc   0x000078fa        0x0 c:/winavr-20100110/bin/../lib/gcc/avr/4.3.3/avr5\libgcc.a(_exit.o)
 .text.libgcc   0x000078fa        0x0 c:/winavr-20100110/bin/../lib/gcc/avr/4.3.3/avr5\libgcc.a(_copy_data.o)
 .text.libgcc   0x000078fa        0x0 c:/winavr-20100110/bin/../lib/gcc/avr/4.3.3/avr5\libgcc.a(_clear_bss.o)
 .text.libgcc   0x000078fa       0x44 c:/winavr-20100110/bin/../lib/gcc/avr/4.3.3/avr5\libgcc.a(_udivmodsi4.o)
                0x000078fa                __udivmodsi4
 .text.libgcc   0x0000793e       0x38 c:/winavr-20100110/bin/../lib/gcc/avr/4.3.3/avr5\libgcc.a(_prologue.o)
                0x0000793e                __prologue_saves__
 .text.libgcc   0x00007976       0x36 c:/winavr-20100110/bin/../lib/gcc/avr/4.3.3/avr5\libgcc.a(_epilogue.o)
                0x00007976                __epilogue_restores__
 .text.avr-libc
                0x000079ac       0x12 c:/winavr-20100110/bin/../lib/gcc/avr/4.3.3/../../../../avr/lib/avr5\libc.a(memcpy.o)
                0x000079ac                memcpy
 .text.avr-libc
                0x000079be        0xe c:/winavr-20100110/bin/../lib/gcc/avr/4.3.3/../../../../avr/lib/avr5\libc.a(memset.o)
                0x000079be                memset
                0x000079cc                . = ALIGN (0x2)
 *(.fini9)
 .fini9         0x000079cc        0x0 c:/winavr-20100110/bin/../lib/gcc/avr/4.3.3/avr5\libgcc.a(_exit.o)
                0x000079cc                exit
                0x000079cc                _exit
 *(.fini9)
 *(.fini8)
 *(.fini8)
 *(.fini7)
 *(.fini7)
 *(.fini6)
 *(.fini6)
 *(.fini5)
 *(.fini5)
 *(.fini4)
 *(.fini4)
 *(.fini3)
 *(.fini3)
 *(.fini2)
 *(.fini2)
 *(.fini1)
 *(.fini1)
 *(.fini0)
 .fini0         0x000079cc        0x4 c:/winavr-20100110/bin/../lib/gcc/avr/4.3.3/avr5\libgcc.a(_exit.o)
 *(.fini0)
                0x000079d0                _etext = .

.data           0x00800060       0xa2 load address 0x000079d0
                0x00800060                PROVIDE (__data_start, .)
 *(.data)
 .data          0x00800060        0x0 c:/winavr-20100110/bin/../lib/gcc/avr/4.3.3/../../../../avr/lib/avr5/crtm32.o
 .data          0x00800060        0x0 ./SERVICES/FreeRTOS/Source/portable/MemMang/heap_4.o
 .data          0x00800060        0x0 ./SERVICES/FreeRTOS/Source/portable/GCC/ATMega323/port.o
 .data          0x00800060        0x0 ./SERVICES/FreeRTOS/Source/list.o
 .data          0x00800060        0x0 ./SERVICES/FreeRTOS/Source/queue.o
 .data          0x00800060        0x5 ./SERVICES/FreeRTOS/Source/tasks.o
 .data          0x00800065        0x0 ./SERVICES/FreeRTOS/Source/timers.o
 .data          0x00800065        0x0 ./MCAL/uart/uart.o
 .data          0x00800065        0x0 ./MCAL/spi/Spi.o
 .data          0x00800065        0x0 ./MCAL/Dio/dio.o
 .data          0x00800065        0x0 ./HAL/lcd/lcd.o
 .data          0x00800065        0x0 ./HAL/keypad/keypad.o
 .data          0x00800065        0x0 ./HAL/Led/led.o
 .data          0x00800065        0x0 ./HAL/Button/button.o
 .data          0x00800065       0x42 ./main.o
 .data          0x008000a7        0x0 c:/winavr-20100110/bin/../lib/gcc/avr/4.3.3/avr5\libgcc.a(_udivmodhi4.o)
 .data          0x008000a7        0x0 c:/winavr-20100110/bin/../lib/gcc/avr/4.3.3/avr5\libgcc.a(_divmodsi4.o)
 .data          0x008000a7        0x0 c:/winavr-20100110/bin/../lib/gcc/avr/4.3.3/avr5\libgcc.a(_exit.o)
 .data          0x008000a7        0x0 c:/winavr-20100110/bin/../lib/gcc/avr/4.3.3/avr5\libgcc.a(_copy_data.o)
 .data          0x008000a7        0x0 c:/winavr-20100110/bin/../lib/gcc/avr/4.3.3/avr5\libgcc.a(_clear_bss.o)
 .data          0x008000a7        0x0 c:/winavr-20100110/bin/../lib/gcc/avr/4.3.3/avr5\libgcc.a(_fixunssfsi.o)
 .data          0x008000a7        0x0 c:/winavr-20100110/bin/../lib/gcc/avr/4.3.3/avr5\libgcc.a(_addsub_sf.o)
 .data          0x008000a7        0x0 c:/winavr-20100110/bin/../lib/gcc/avr/4.3.3/avr5\libgcc.a(_mul_sf.o)
 .data          0x008000a7        0x0 c:/winavr-20100110/bin/../lib/gcc/avr/4.3.3/avr5\libgcc.a(_div_sf.o)
 .data          0x008000a7        0x0 c:/winavr-20100110/bin/../lib/gcc/avr/4.3.3/avr5\libgcc.a(_gt_sf.o)
 .data          0x008000a7        0x0 c:/winavr-20100110/bin/../lib/gcc/avr/4.3.3/avr5\libgcc.a(_ge_sf.o)
 .data          0x008000a7        0x0 c:/winavr-20100110/bin/../lib/gcc/avr/4.3.3/avr5\libgcc.a(_lt_sf.o)
 .data          0x008000a7        0x0 c:/winavr-20100110/bin/../lib/gcc/avr/4.3.3/avr5\libgcc.a(_sf_to_si.o)
 .data          0x008000a7        0x8 c:/winavr-20100110/bin/../lib/gcc/avr/4.3.3/avr5\libgcc.a(_thenan_sf.o)
                0x008000a7                __thenan_sf
 .data          0x008000af        0x0 c:/winavr-20100110/bin/../lib/gcc/avr/4.3.3/avr5\libgcc.a(_udivmodsi4.o)
 .data          0x008000af        0x0 c:/winavr-20100110/bin/../lib/gcc/avr/4.3.3/avr5\libgcc.a(_prologue.o)
 .data          0x008000af        0x0 c:/winavr-20100110/bin/../lib/gcc/avr/4.3.3/avr5\libgcc.a(_epilogue.o)
 .data          0x008000af        0x0 c:/winavr-20100110/bin/../lib/gcc/avr/4.3.3/avr5\libgcc.a(_pack_sf.o)
 .data          0x008000af        0x0 c:/winavr-20100110/bin/../lib/gcc/avr/4.3.3/avr5\libgcc.a(_unpack_sf.o)
 .data          0x008000af        0x0 c:/winavr-20100110/bin/../lib/gcc/avr/4.3.3/avr5\libgcc.a(_fpcmp_parts_sf.o)
 .data          0x008000af        0x0 c:/winavr-20100110/bin/../lib/gcc/avr/4.3.3/../../../../avr/lib/avr5\libc.a(memcpy.o)
 .data          0x008000af        0x0 c:/winavr-20100110/bin/../lib/gcc/avr/4.3.3/../../../../avr/lib/avr5\libc.a(memset.o)
 *(.data*)
 .data.uxTopUsedPriority
                0x008000af        0x1 ./SERVICES/FreeRTOS/Source/tasks.o
                0x008000af                uxTopUsedPriority
 .data.customChar
                0x008000b0       0x40 ./HAL/lcd/lcd.o
                0x008000b0                customChar
 .data.keys_value
                0x008000f0       0x10 ./HAL/keypad/keypad.o
 *(.rodata)
 *(.rodata*)
 .rodata.xHeapStructSize
                0x00800100        0x2 ./SERVICES/FreeRTOS/Source/portable/MemMang/heap_4.o
 *(.gnu.linkonce.d*)
                0x00800102                . = ALIGN (0x2)
                0x00800102                _edata = .
                0x00800102                PROVIDE (__data_end, .)

.bss            0x00800102      0x713
                0x00800102                PROVIDE (__bss_start, .)
 *(.bss)
 .bss           0x00800102        0x0 c:/winavr-20100110/bin/../lib/gcc/avr/4.3.3/../../../../avr/lib/avr5/crtm32.o
 .bss           0x00800102        0x0 ./SERVICES/FreeRTOS/Source/portable/MemMang/heap_4.o
 .bss           0x00800102        0x0 ./SERVICES/FreeRTOS/Source/portable/GCC/ATMega323/port.o
 .bss           0x00800102        0x0 ./SERVICES/FreeRTOS/Source/list.o
 .bss           0x00800102        0x0 ./SERVICES/FreeRTOS/Source/queue.o
 .bss           0x00800102        0x0 ./SERVICES/FreeRTOS/Source/tasks.o
 .bss           0x00800102        0x0 ./SERVICES/FreeRTOS/Source/timers.o
 .bss           0x00800102        0x0 ./MCAL/uart/uart.o
 .bss           0x00800102        0x0 ./MCAL/spi/Spi.o
 .bss           0x00800102        0x0 ./MCAL/Dio/dio.o
 .bss           0x00800102        0x0 ./HAL/lcd/lcd.o
 .bss           0x00800102        0x0 ./HAL/keypad/keypad.o
 .bss           0x00800102        0x0 ./HAL/Led/led.o
 .bss           0x00800102        0x0 ./HAL/Button/button.o
 .bss           0x00800102        0x0 ./main.o
 .bss           0x00800102        0x0 c:/winavr-20100110/bin/../lib/gcc/avr/4.3.3/avr5\libgcc.a(_udivmodhi4.o)
 .bss           0x00800102        0x0 c:/winavr-20100110/bin/../lib/gcc/avr/4.3.3/avr5\libgcc.a(_divmodsi4.o)
 .bss           0x00800102        0x0 c:/winavr-20100110/bin/../lib/gcc/avr/4.3.3/avr5\libgcc.a(_exit.o)
 .bss           0x00800102        0x0 c:/winavr-20100110/bin/../lib/gcc/avr/4.3.3/avr5\libgcc.a(_copy_data.o)
 .bss           0x00800102        0x0 c:/winavr-20100110/bin/../lib/gcc/avr/4.3.3/avr5\libgcc.a(_clear_bss.o)
 .bss           0x00800102        0x0 c:/winavr-20100110/bin/../lib/gcc/avr/4.3.3/avr5\libgcc.a(_fixunssfsi.o)
 .bss           0x00800102        0x0 c:/winavr-20100110/bin/../lib/gcc/avr/4.3.3/avr5\libgcc.a(_addsub_sf.o)
 .bss           0x00800102        0x0 c:/winavr-20100110/bin/../lib/gcc/avr/4.3.3/avr5\libgcc.a(_mul_sf.o)
 .bss           0x00800102        0x0 c:/winavr-20100110/bin/../lib/gcc/avr/4.3.3/avr5\libgcc.a(_div_sf.o)
 .bss           0x00800102        0x0 c:/winavr-20100110/bin/../lib/gcc/avr/4.3.3/avr5\libgcc.a(_gt_sf.o)
 .bss           0x00800102        0x0 c:/winavr-20100110/bin/../lib/gcc/avr/4.3.3/avr5\libgcc.a(_ge_sf.o)
 .bss           0x00800102        0x0 c:/winavr-20100110/bin/../lib/gcc/avr/4.3.3/avr5\libgcc.a(_lt_sf.o)
 .bss           0x00800102        0x0 c:/winavr-20100110/bin/../lib/gcc/avr/4.3.3/avr5\libgcc.a(_sf_to_si.o)
 .bss           0x00800102        0x0 c:/winavr-20100110/bin/../lib/gcc/avr/4.3.3/avr5\libgcc.a(_thenan_sf.o)
 .bss           0x00800102        0x0 c:/winavr-20100110/bin/../lib/gcc/avr/4.3.3/avr5\libgcc.a(_udivmodsi4.o)
 .bss           0x00800102        0x0 c:/winavr-20100110/bin/../lib/gcc/avr/4.3.3/avr5\libgcc.a(_prologue.o)
 .bss           0x00800102        0x0 c:/winavr-20100110/bin/../lib/gcc/avr/4.3.3/avr5\libgcc.a(_epilogue.o)
 .bss           0x00800102        0x0 c:/winavr-20100110/bin/../lib/gcc/avr/4.3.3/avr5\libgcc.a(_pack_sf.o)
 .bss           0x00800102        0x0 c:/winavr-20100110/bin/../lib/gcc/avr/4.3.3/avr5\libgcc.a(_unpack_sf.o)
 .bss           0x00800102        0x0 c:/winavr-20100110/bin/../lib/gcc/avr/4.3.3/avr5\libgcc.a(_fpcmp_parts_sf.o)
 .bss           0x00800102        0x0 c:/winavr-20100110/bin/../lib/gcc/avr/4.3.3/../../../../avr/lib/avr5\libc.a(memcpy.o)
 .bss           0x00800102        0x0 c:/winavr-20100110/bin/../lib/gcc/avr/4.3.3/../../../../avr/lib/avr5\libc.a(memset.o)
 *(.bss*)
 .bss.pxEnd     0x00800102        0x2 ./SERVICES/FreeRTOS/Source/portable/MemMang/heap_4.o
 .bss.xFreeBytesRemaining
                0x00800104        0x2 ./SERVICES/FreeRTOS/Source/portable/MemMang/heap_4.o
 .bss.xMinimumEverFreeBytesRemaining
                0x00800106        0x2 ./SERVICES/FreeRTOS/Source/portable/MemMang/heap_4.o
 .bss.xNumberOfSuccessfulAllocations
                0x00800108        0x2 ./SERVICES/FreeRTOS/Source/portable/MemMang/heap_4.o
 .bss.xNumberOfSuccessfulFrees
                0x0080010a        0x2 ./SERVICES/FreeRTOS/Source/portable/MemMang/heap_4.o
 .bss.ucHeap    0x0080010c      0x5dc ./SERVICES/FreeRTOS/Source/portable/MemMang/heap_4.o
 .bss.xStart    0x008006e8        0x4 ./SERVICES/FreeRTOS/Source/portable/MemMang/heap_4.o
 .bss.pxCurrentTCB
                0x008006ec        0x2 ./SERVICES/FreeRTOS/Source/tasks.o
                0x008006ec                pxCurrentTCB
 .bss.uxDeletedTasksWaitingCleanUp
                0x008006ee        0x1 ./SERVICES/FreeRTOS/Source/tasks.o
 .bss.uxCurrentNumberOfTasks
                0x008006ef        0x1 ./SERVICES/FreeRTOS/Source/tasks.o
 .bss.xTickCount
                0x008006f0        0x2 ./SERVICES/FreeRTOS/Source/tasks.o
 .bss.uxTopReadyPriority
                0x008006f2        0x1 ./SERVICES/FreeRTOS/Source/tasks.o
 .bss.xSchedulerRunning
                0x008006f3        0x1 ./SERVICES/FreeRTOS/Source/tasks.o
 .bss.xPendedTicks
                0x008006f4        0x2 ./SERVICES/FreeRTOS/Source/tasks.o
 .bss.xYieldPending
                0x008006f6        0x1 ./SERVICES/FreeRTOS/Source/tasks.o
 .bss.xNumOfOverflows
                0x008006f7        0x1 ./SERVICES/FreeRTOS/Source/tasks.o
 .bss.uxTaskNumber
                0x008006f8        0x1 ./SERVICES/FreeRTOS/Source/tasks.o
 .bss.xNextTaskUnblockTime
                0x008006f9        0x2 ./SERVICES/FreeRTOS/Source/tasks.o
 .bss.xIdleTaskHandle
                0x008006fb        0x2 ./SERVICES/FreeRTOS/Source/tasks.o
 .bss.uxSchedulerSuspended
                0x008006fd        0x1 ./SERVICES/FreeRTOS/Source/tasks.o
 .bss.pxReadyTasksLists
                0x008006fe       0x24 ./SERVICES/FreeRTOS/Source/tasks.o
 .bss.xDelayedTaskList1
                0x00800722        0x9 ./SERVICES/FreeRTOS/Source/tasks.o
 .bss.xDelayedTaskList2
                0x0080072b        0x9 ./SERVICES/FreeRTOS/Source/tasks.o
 .bss.pxDelayedTaskList
                0x00800734        0x2 ./SERVICES/FreeRTOS/Source/tasks.o
 .bss.pxOverflowDelayedTaskList
                0x00800736        0x2 ./SERVICES/FreeRTOS/Source/tasks.o
 .bss.xPendingReadyList
                0x00800738        0x9 ./SERVICES/FreeRTOS/Source/tasks.o
 .bss.xTasksWaitingTermination
                0x00800741        0x9 ./SERVICES/FreeRTOS/Source/tasks.o
 .bss.uart_TxBufferIndex
                0x0080074a        0x1 ./MCAL/uart/uart.o
                0x0080074a                uart_TxBufferIndex
 .bss.uart_RxBufferIndex
                0x0080074b        0x1 ./MCAL/uart/uart.o
                0x0080074b                uart_RxBufferIndex
 *(COMMON)
 COMMON         0x0080074c       0xc9 ./MCAL/uart/uart.o
                0x0080074c                uart_TxBuffer
                0x008007b0                uart_rx_flag
                0x008007b1                uart_RxBuffer
                0x00800815                PROVIDE (__bss_end, .)
                0x000079d0                __data_load_start = LOADADDR (.data)
                0x00007a72                __data_load_end = (__data_load_start + SIZEOF (.data))

.noinit         0x00800815        0x0
                0x00800815                PROVIDE (__noinit_start, .)
 *(.noinit*)
                0x00800815                PROVIDE (__noinit_end, .)
                0x00800815                _end = .
                0x00800815                PROVIDE (__heap_start, .)

.eeprom         0x00810000        0x0
 *(.eeprom*)
                0x00810000                __eeprom_end = .

.fuse
 *(.fuse)
 *(.lfuse)
 *(.hfuse)
 *(.efuse)

.lock
 *(.lock*)

.signature
 *(.signature*)

.stab           0x00000000     0x90cc
 *(.stab)
 .stab          0x00000000      0xe88 ./SERVICES/FreeRTOS/Source/portable/MemMang/heap_4.o
 .stab          0x00000e88      0x840 ./SERVICES/FreeRTOS/Source/portable/GCC/ATMega323/port.o
                                0xcfc (size before relaxing)
 .stab          0x000016c8      0x474 ./SERVICES/FreeRTOS/Source/list.o
                                0x870 (size before relaxing)
 .stab          0x00001b3c     0x1b3c ./SERVICES/FreeRTOS/Source/queue.o
                               0x2004 (size before relaxing)
 .stab          0x00003678     0x2580 ./SERVICES/FreeRTOS/Source/tasks.o
                               0x2a48 (size before relaxing)
 .stab          0x00005bf8      0x1a4 ./SERVICES/FreeRTOS/Source/timers.o
                                0x6cc (size before relaxing)
 .stab          0x00005d9c      0x69c ./MCAL/uart/uart.o
                                0x864 (size before relaxing)
 .stab          0x00006438      0x48c ./MCAL/spi/Spi.o
                                0x504 (size before relaxing)
 .stab          0x000068c4      0x510 ./MCAL/Dio/dio.o
                                0x5ac (size before relaxing)
 .stab          0x00006dd4      0xcc0 ./HAL/lcd/lcd.o
                                0xf54 (size before relaxing)
 .stab          0x00007a94      0x5f4 ./HAL/keypad/keypad.o
                                0x894 (size before relaxing)
 .stab          0x00008088      0x2d0 ./HAL/Led/led.o
                                0x3d8 (size before relaxing)
 .stab          0x00008358      0x5f4 ./HAL/Button/button.o
                                0x894 (size before relaxing)
 .stab          0x0000894c      0x780 ./main.o
                                0xbc4 (size before relaxing)

.stabstr        0x00000000     0x52eb
 *(.stabstr)
 .stabstr       0x00000000     0x52eb ./SERVICES/FreeRTOS/Source/portable/MemMang/heap_4.o

.stab.excl
 *(.stab.excl)

.stab.exclstr
 *(.stab.exclstr)

.stab.index
 *(.stab.index)

.stab.indexstr
 *(.stab.indexstr)

.comment
 *(.comment)

.debug
 *(.debug)

.line
 *(.line)

.debug_srcinfo
 *(.debug_srcinfo)

.debug_sfnames
 *(.debug_sfnames)

.debug_aranges  0x00000000      0x160
 *(.debug_aranges)
 .debug_aranges
                0x00000000       0x20 c:/winavr-20100110/bin/../lib/gcc/avr/4.3.3/avr5\libgcc.a(_fixunssfsi.o)
 .debug_aranges
                0x00000020       0x20 c:/winavr-20100110/bin/../lib/gcc/avr/4.3.3/avr5\libgcc.a(_addsub_sf.o)
 .debug_aranges
                0x00000040       0x20 c:/winavr-20100110/bin/../lib/gcc/avr/4.3.3/avr5\libgcc.a(_mul_sf.o)
 .debug_aranges
                0x00000060       0x20 c:/winavr-20100110/bin/../lib/gcc/avr/4.3.3/avr5\libgcc.a(_div_sf.o)
 .debug_aranges
                0x00000080       0x20 c:/winavr-20100110/bin/../lib/gcc/avr/4.3.3/avr5\libgcc.a(_gt_sf.o)
 .debug_aranges
                0x000000a0       0x20 c:/winavr-20100110/bin/../lib/gcc/avr/4.3.3/avr5\libgcc.a(_ge_sf.o)
 .debug_aranges
                0x000000c0       0x20 c:/winavr-20100110/bin/../lib/gcc/avr/4.3.3/avr5\libgcc.a(_lt_sf.o)
 .debug_aranges
                0x000000e0       0x20 c:/winavr-20100110/bin/../lib/gcc/avr/4.3.3/avr5\libgcc.a(_sf_to_si.o)
 .debug_aranges
                0x00000100       0x20 c:/winavr-20100110/bin/../lib/gcc/avr/4.3.3/avr5\libgcc.a(_pack_sf.o)
 .debug_aranges
                0x00000120       0x20 c:/winavr-20100110/bin/../lib/gcc/avr/4.3.3/avr5\libgcc.a(_unpack_sf.o)
 .debug_aranges
                0x00000140       0x20 c:/winavr-20100110/bin/../lib/gcc/avr/4.3.3/avr5\libgcc.a(_fpcmp_parts_sf.o)

.debug_pubnames
                0x00000000      0x18f
 *(.debug_pubnames)
 .debug_pubnames
                0x00000000       0x23 c:/winavr-20100110/bin/../lib/gcc/avr/4.3.3/avr5\libgcc.a(_fixunssfsi.o)
 .debug_pubnames
                0x00000023       0x2c c:/winavr-20100110/bin/../lib/gcc/avr/4.3.3/avr5\libgcc.a(_addsub_sf.o)
 .debug_pubnames
                0x0000004f       0x1f c:/winavr-20100110/bin/../lib/gcc/avr/4.3.3/avr5\libgcc.a(_mul_sf.o)
 .debug_pubnames
                0x0000006e       0x1f c:/winavr-20100110/bin/../lib/gcc/avr/4.3.3/avr5\libgcc.a(_div_sf.o)
 .debug_pubnames
                0x0000008d       0x1e c:/winavr-20100110/bin/../lib/gcc/avr/4.3.3/avr5\libgcc.a(_gt_sf.o)
 .debug_pubnames
                0x000000ab       0x1e c:/winavr-20100110/bin/../lib/gcc/avr/4.3.3/avr5\libgcc.a(_ge_sf.o)
 .debug_pubnames
                0x000000c9       0x1e c:/winavr-20100110/bin/../lib/gcc/avr/4.3.3/avr5\libgcc.a(_lt_sf.o)
 .debug_pubnames
                0x000000e7       0x20 c:/winavr-20100110/bin/../lib/gcc/avr/4.3.3/avr5\libgcc.a(_sf_to_si.o)
 .debug_pubnames
                0x00000107       0x22 c:/winavr-20100110/bin/../lib/gcc/avr/4.3.3/avr5\libgcc.a(_thenan_sf.o)
 .debug_pubnames
                0x00000129       0x1f c:/winavr-20100110/bin/../lib/gcc/avr/4.3.3/avr5\libgcc.a(_pack_sf.o)
 .debug_pubnames
                0x00000148       0x21 c:/winavr-20100110/bin/../lib/gcc/avr/4.3.3/avr5\libgcc.a(_unpack_sf.o)
 .debug_pubnames
                0x00000169       0x26 c:/winavr-20100110/bin/../lib/gcc/avr/4.3.3/avr5\libgcc.a(_fpcmp_parts_sf.o)

.debug_info     0x00000000     0x2045
 *(.debug_info)
 .debug_info    0x00000000       0xb1 c:/winavr-20100110/bin/../lib/gcc/avr/4.3.3/avr5\libgcc.a(_fixunssfsi.o)
 .debug_info    0x000000b1      0x47a c:/winavr-20100110/bin/../lib/gcc/avr/4.3.3/avr5\libgcc.a(_addsub_sf.o)
 .debug_info    0x0000052b      0x485 c:/winavr-20100110/bin/../lib/gcc/avr/4.3.3/avr5\libgcc.a(_mul_sf.o)
 .debug_info    0x000009b0      0x3fc c:/winavr-20100110/bin/../lib/gcc/avr/4.3.3/avr5\libgcc.a(_div_sf.o)
 .debug_info    0x00000dac      0x27f c:/winavr-20100110/bin/../lib/gcc/avr/4.3.3/avr5\libgcc.a(_gt_sf.o)
 .debug_info    0x0000102b      0x27f c:/winavr-20100110/bin/../lib/gcc/avr/4.3.3/avr5\libgcc.a(_ge_sf.o)
 .debug_info    0x000012aa      0x27f c:/winavr-20100110/bin/../lib/gcc/avr/4.3.3/avr5\libgcc.a(_lt_sf.o)
 .debug_info    0x00001529      0x2b0 c:/winavr-20100110/bin/../lib/gcc/avr/4.3.3/avr5\libgcc.a(_sf_to_si.o)
 .debug_info    0x000017d9      0x12c c:/winavr-20100110/bin/../lib/gcc/avr/4.3.3/avr5\libgcc.a(_thenan_sf.o)
 .debug_info    0x00001905      0x2df c:/winavr-20100110/bin/../lib/gcc/avr/4.3.3/avr5\libgcc.a(_pack_sf.o)
 .debug_info    0x00001be4      0x251 c:/winavr-20100110/bin/../lib/gcc/avr/4.3.3/avr5\libgcc.a(_unpack_sf.o)
 .debug_info    0x00001e35      0x210 c:/winavr-20100110/bin/../lib/gcc/avr/4.3.3/avr5\libgcc.a(_fpcmp_parts_sf.o)
 *(.gnu.linkonce.wi.*)

.debug_abbrev   0x00000000     0x1101
 *(.debug_abbrev)
 .debug_abbrev  0x00000000       0x5d c:/winavr-20100110/bin/../lib/gcc/avr/4.3.3/avr5\libgcc.a(_fixunssfsi.o)
 .debug_abbrev  0x0000005d      0x1ea c:/winavr-20100110/bin/../lib/gcc/avr/4.3.3/avr5\libgcc.a(_addsub_sf.o)
 .debug_abbrev  0x00000247      0x21b c:/winavr-20100110/bin/../lib/gcc/avr/4.3.3/avr5\libgcc.a(_mul_sf.o)
 .debug_abbrev  0x00000462      0x216 c:/winavr-20100110/bin/../lib/gcc/avr/4.3.3/avr5\libgcc.a(_div_sf.o)
 .debug_abbrev  0x00000678      0x15a c:/winavr-20100110/bin/../lib/gcc/avr/4.3.3/avr5\libgcc.a(_gt_sf.o)
 .debug_abbrev  0x000007d2      0x15a c:/winavr-20100110/bin/../lib/gcc/avr/4.3.3/avr5\libgcc.a(_ge_sf.o)
 .debug_abbrev  0x0000092c      0x15a c:/winavr-20100110/bin/../lib/gcc/avr/4.3.3/avr5\libgcc.a(_lt_sf.o)
 .debug_abbrev  0x00000a86      0x17f c:/winavr-20100110/bin/../lib/gcc/avr/4.3.3/avr5\libgcc.a(_sf_to_si.o)
 .debug_abbrev  0x00000c05       0xad c:/winavr-20100110/bin/../lib/gcc/avr/4.3.3/avr5\libgcc.a(_thenan_sf.o)
 .debug_abbrev  0x00000cb2      0x1c0 c:/winavr-20100110/bin/../lib/gcc/avr/4.3.3/avr5\libgcc.a(_pack_sf.o)
 .debug_abbrev  0x00000e72      0x154 c:/winavr-20100110/bin/../lib/gcc/avr/4.3.3/avr5\libgcc.a(_unpack_sf.o)
 .debug_abbrev  0x00000fc6      0x13b c:/winavr-20100110/bin/../lib/gcc/avr/4.3.3/avr5\libgcc.a(_fpcmp_parts_sf.o)

.debug_line     0x00000000      0xf82
 *(.debug_line)
 .debug_line    0x00000000       0xa7 c:/winavr-20100110/bin/../lib/gcc/avr/4.3.3/avr5\libgcc.a(_fixunssfsi.o)
 .debug_line    0x000000a7      0x2af c:/winavr-20100110/bin/../lib/gcc/avr/4.3.3/avr5\libgcc.a(_addsub_sf.o)
 .debug_line    0x00000356      0x239 c:/winavr-20100110/bin/../lib/gcc/avr/4.3.3/avr5\libgcc.a(_mul_sf.o)
 .debug_line    0x0000058f      0x1d5 c:/winavr-20100110/bin/../lib/gcc/avr/4.3.3/avr5\libgcc.a(_div_sf.o)
 .debug_line    0x00000764       0xd3 c:/winavr-20100110/bin/../lib/gcc/avr/4.3.3/avr5\libgcc.a(_gt_sf.o)
 .debug_line    0x00000837       0xd3 c:/winavr-20100110/bin/../lib/gcc/avr/4.3.3/avr5\libgcc.a(_ge_sf.o)
 .debug_line    0x0000090a       0xd3 c:/winavr-20100110/bin/../lib/gcc/avr/4.3.3/avr5\libgcc.a(_lt_sf.o)
 .debug_line    0x000009dd      0x109 c:/winavr-20100110/bin/../lib/gcc/avr/4.3.3/avr5\libgcc.a(_sf_to_si.o)
 .debug_line    0x00000ae6       0x90 c:/winavr-20100110/bin/../lib/gcc/avr/4.3.3/avr5\libgcc.a(_thenan_sf.o)
 .debug_line    0x00000b76      0x18a c:/winavr-20100110/bin/../lib/gcc/avr/4.3.3/avr5\libgcc.a(_pack_sf.o)
 .debug_line    0x00000d00      0x14b c:/winavr-20100110/bin/../lib/gcc/avr/4.3.3/avr5\libgcc.a(_unpack_sf.o)
 .debug_line    0x00000e4b      0x137 c:/winavr-20100110/bin/../lib/gcc/avr/4.3.3/avr5\libgcc.a(_fpcmp_parts_sf.o)

.debug_frame    0x00000000      0x180
 *(.debug_frame)
 .debug_frame   0x00000000       0x20 c:/winavr-20100110/bin/../lib/gcc/avr/4.3.3/avr5\libgcc.a(_fixunssfsi.o)
 .debug_frame   0x00000020       0x40 c:/winavr-20100110/bin/../lib/gcc/avr/4.3.3/avr5\libgcc.a(_addsub_sf.o)
 .debug_frame   0x00000060       0x20 c:/winavr-20100110/bin/../lib/gcc/avr/4.3.3/avr5\libgcc.a(_mul_sf.o)
 .debug_frame   0x00000080       0x20 c:/winavr-20100110/bin/../lib/gcc/avr/4.3.3/avr5\libgcc.a(_div_sf.o)
 .debug_frame   0x000000a0       0x20 c:/winavr-20100110/bin/../lib/gcc/avr/4.3.3/avr5\libgcc.a(_gt_sf.o)
 .debug_frame   0x000000c0       0x20 c:/winavr-20100110/bin/../lib/gcc/avr/4.3.3/avr5\libgcc.a(_ge_sf.o)
 .debug_frame   0x000000e0       0x20 c:/winavr-20100110/bin/../lib/gcc/avr/4.3.3/avr5\libgcc.a(_lt_sf.o)
 .debug_frame   0x00000100       0x20 c:/winavr-20100110/bin/../lib/gcc/avr/4.3.3/avr5\libgcc.a(_sf_to_si.o)
 .debug_frame   0x00000120       0x20 c:/winavr-20100110/bin/../lib/gcc/avr/4.3.3/avr5\libgcc.a(_pack_sf.o)
 .debug_frame   0x00000140       0x20 c:/winavr-20100110/bin/../lib/gcc/avr/4.3.3/avr5\libgcc.a(_unpack_sf.o)
 .debug_frame   0x00000160       0x20 c:/winavr-20100110/bin/../lib/gcc/avr/4.3.3/avr5\libgcc.a(_fpcmp_parts_sf.o)

.debug_str      0x00000000      0x2c2
 *(.debug_str)
 .debug_str     0x00000000       0xbf c:/winavr-20100110/bin/../lib/gcc/avr/4.3.3/avr5\libgcc.a(_fixunssfsi.o)
                                 0xfe (size before relaxing)
 .debug_str     0x000000bf      0x14d c:/winavr-20100110/bin/../lib/gcc/avr/4.3.3/avr5\libgcc.a(_addsub_sf.o)
                                0x206 (size before relaxing)
 .debug_str     0x0000020c       0x27 c:/winavr-20100110/bin/../lib/gcc/avr/4.3.3/avr5\libgcc.a(_mul_sf.o)
                                0x1bf (size before relaxing)
 .debug_str     0x00000233       0x35 c:/winavr-20100110/bin/../lib/gcc/avr/4.3.3/avr5\libgcc.a(_div_sf.o)
                                0x1c8 (size before relaxing)
 .debug_str     0x00000268        0xf c:/winavr-20100110/bin/../lib/gcc/avr/4.3.3/avr5\libgcc.a(_gt_sf.o)
                                0x195 (size before relaxing)
 .debug_str     0x00000277        0x8 c:/winavr-20100110/bin/../lib/gcc/avr/4.3.3/avr5\libgcc.a(_ge_sf.o)
                                0x195 (size before relaxing)
 .debug_str     0x0000027f        0x8 c:/winavr-20100110/bin/../lib/gcc/avr/4.3.3/avr5\libgcc.a(_lt_sf.o)
                                0x195 (size before relaxing)
 .debug_str     0x00000287        0xa c:/winavr-20100110/bin/../lib/gcc/avr/4.3.3/avr5\libgcc.a(_sf_to_si.o)
                                0x19e (size before relaxing)
 .debug_str     0x00000000      0x103 c:/winavr-20100110/bin/../lib/gcc/avr/4.3.3/avr5\libgcc.a(_thenan_sf.o)
 .debug_str     0x00000291       0x16 c:/winavr-20100110/bin/../lib/gcc/avr/4.3.3/avr5\libgcc.a(_pack_sf.o)
                                0x19d (size before relaxing)
 .debug_str     0x000002a7        0xb c:/winavr-20100110/bin/../lib/gcc/avr/4.3.3/avr5\libgcc.a(_unpack_sf.o)
                                0x17f (size before relaxing)
 .debug_str     0x000002b2       0x10 c:/winavr-20100110/bin/../lib/gcc/avr/4.3.3/avr5\libgcc.a(_fpcmp_parts_sf.o)
                                0x163 (size before relaxing)

.debug_loc      0x00000000      0x88e
 *(.debug_loc)
 .debug_loc     0x00000000       0x34 c:/winavr-20100110/bin/../lib/gcc/avr/4.3.3/avr5\libgcc.a(_fixunssfsi.o)
 .debug_loc     0x00000034      0x32a c:/winavr-20100110/bin/../lib/gcc/avr/4.3.3/avr5\libgcc.a(_addsub_sf.o)
 .debug_loc     0x0000035e      0x104 c:/winavr-20100110/bin/../lib/gcc/avr/4.3.3/avr5\libgcc.a(_mul_sf.o)
 .debug_loc     0x00000462       0xc0 c:/winavr-20100110/bin/../lib/gcc/avr/4.3.3/avr5\libgcc.a(_div_sf.o)
 .debug_loc     0x00000522       0x3c c:/winavr-20100110/bin/../lib/gcc/avr/4.3.3/avr5\libgcc.a(_gt_sf.o)
 .debug_loc     0x0000055e       0x3c c:/winavr-20100110/bin/../lib/gcc/avr/4.3.3/avr5\libgcc.a(_ge_sf.o)
 .debug_loc     0x0000059a       0x3c c:/winavr-20100110/bin/../lib/gcc/avr/4.3.3/avr5\libgcc.a(_lt_sf.o)
 .debug_loc     0x000005d6       0x7e c:/winavr-20100110/bin/../lib/gcc/avr/4.3.3/avr5\libgcc.a(_sf_to_si.o)
 .debug_loc     0x00000654      0x13e c:/winavr-20100110/bin/../lib/gcc/avr/4.3.3/avr5\libgcc.a(_pack_sf.o)
 .debug_loc     0x00000792       0xac c:/winavr-20100110/bin/../lib/gcc/avr/4.3.3/avr5\libgcc.a(_unpack_sf.o)
 .debug_loc     0x0000083e       0x50 c:/winavr-20100110/bin/../lib/gcc/avr/4.3.3/avr5\libgcc.a(_fpcmp_parts_sf.o)

.debug_macinfo
 *(.debug_macinfo)
OUTPUT(NTI-4M.elf elf32-avr)
LOAD linker stubs

.debug_ranges   0x00000000       0x50
 .debug_ranges  0x00000000       0x50 c:/winavr-20100110/bin/../lib/gcc/avr/4.3.3/avr5\libgcc.a(_mul_sf.o)
