Archive member included because of file (symbol)

c:/winavr-20100110/bin/../lib/gcc/avr/4.3.3/avr5\libgcc.a(_udivmodhi4.o)
                              ./SERVICES/FreeRTOS/Source/portable/MemMang/heap_4.o (__udivmodhi4)
c:/winavr-20100110/bin/../lib/gcc/avr/4.3.3/avr5\libgcc.a(_divmodsi4.o)
                              ./HAL/lcd/lcd.o (__divmodsi4)
c:/winavr-20100110/bin/../lib/gcc/avr/4.3.3/avr5\libgcc.a(_exit.o)
                              c:/winavr-20100110/bin/../lib/gcc/avr/4.3.3/../../../../avr/lib/avr5/crtm32.o (exit)
c:/winavr-20100110/bin/../lib/gcc/avr/4.3.3/avr5\libgcc.a(_copy_data.o)
                              ./SERVICES/FreeRTOS/Source/tasks.o (__do_copy_data)
c:/winavr-20100110/bin/../lib/gcc/avr/4.3.3/avr5\libgcc.a(_clear_bss.o)
                              ./SERVICES/FreeRTOS/Source/portable/MemMang/heap_4.o (__do_clear_bss)
c:/winavr-20100110/bin/../lib/gcc/avr/4.3.3/avr5\libgcc.a(_udivmodsi4.o)
                              c:/winavr-20100110/bin/../lib/gcc/avr/4.3.3/avr5\libgcc.a(_divmodsi4.o) (__udivmodsi4)
c:/winavr-20100110/bin/../lib/gcc/avr/4.3.3/../../../../avr/lib/avr5\libc.a(memcpy.o)
                              ./SERVICES/FreeRTOS/Source/queue.o (memcpy)
c:/winavr-20100110/bin/../lib/gcc/avr/4.3.3/../../../../avr/lib/avr5\libc.a(memset.o)
                              ./SERVICES/FreeRTOS/Source/portable/MemMang/heap_4.o (memset)

Allocating common symbols
Common symbol       size              file

uart_TxBuffer       0x64              ./MCAL/uart/uart.o
uart_rx_flag        0x1               ./MCAL/uart/uart.o
uart_RxBuffer       0x64              ./MCAL/uart/uart.o

Memory Configuration

Name             Origin             Length             Attributes
text             0x00000000         0x00020000         xr
data             0x00800060         0x0000ffa0         rw !x
eeprom           0x00810000         0x00010000         rw !x
fuse             0x00820000         0x00000400         rw !x
lock             0x00830000         0x00000400         rw !x
signature        0x00840000         0x00000400         rw !x
*default*        0x00000000         0xffffffff

Linker script and memory map

LOAD c:/winavr-20100110/bin/../lib/gcc/avr/4.3.3/../../../../avr/lib/avr5/crtm32.o
LOAD ./SERVICES/FreeRTOS/Source/portable/MemMang/heap_4.o
LOAD ./SERVICES/FreeRTOS/Source/portable/GCC/ATMega323/port.o
LOAD ./SERVICES/FreeRTOS/Source/list.o
LOAD ./SERVICES/FreeRTOS/Source/queue.o
LOAD ./SERVICES/FreeRTOS/Source/tasks.o
LOAD ./SERVICES/FreeRTOS/Source/timers.o
LOAD ./MCAL/uart/uart.o
LOAD ./MCAL/spi/Spi.o
LOAD ./MCAL/I2C/i2c.o
LOAD ./MCAL/Dio/dio.o
LOAD ./HAL/lcd/lcd.o
LOAD ./HAL/keypad/keypad.o
LOAD ./HAL/eep24C08/eep_24c08.o
LOAD ./HAL/Led/led.o
LOAD ./HAL/Button/button.o
LOAD ./main.o
LOAD c:/winavr-20100110/bin/../lib/gcc/avr/4.3.3/avr5\libgcc.a
LOAD c:/winavr-20100110/bin/../lib/gcc/avr/4.3.3/../../../../avr/lib/avr5\libc.a
LOAD c:/winavr-20100110/bin/../lib/gcc/avr/4.3.3/avr5\libgcc.a

.hash
 *(.hash)

.dynsym
 *(.dynsym)

.dynstr
 *(.dynstr)

.gnu.version
 *(.gnu.version)

.gnu.version_d
 *(.gnu.version_d)

.gnu.version_r
 *(.gnu.version_r)

.rel.init
 *(.rel.init)

.rela.init
 *(.rela.init)

.rel.text
 *(.rel.text)
 *(.rel.text.*)
 *(.rel.gnu.linkonce.t*)

.rela.text
 *(.rela.text)
 *(.rela.text.*)
 *(.rela.gnu.linkonce.t*)

.rel.fini
 *(.rel.fini)

.rela.fini
 *(.rela.fini)

.rel.rodata
 *(.rel.rodata)
 *(.rel.rodata.*)
 *(.rel.gnu.linkonce.r*)

.rela.rodata
 *(.rela.rodata)
 *(.rela.rodata.*)
 *(.rela.gnu.linkonce.r*)

.rel.data
 *(.rel.data)
 *(.rel.data.*)
 *(.rel.gnu.linkonce.d*)

.rela.data
 *(.rela.data)
 *(.rela.data.*)
 *(.rela.gnu.linkonce.d*)

.rel.ctors
 *(.rel.ctors)

.rela.ctors
 *(.rela.ctors)

.rel.dtors
 *(.rel.dtors)

.rela.dtors
 *(.rela.dtors)

.rel.got
 *(.rel.got)

.rela.got
 *(.rela.got)

.rel.bss
 *(.rel.bss)

.rela.bss
 *(.rela.bss)

.rel.plt
 *(.rel.plt)

.rela.plt
 *(.rela.plt)

.text           0x00000000     0x35b8
 *(.vectors)
 .vectors       0x00000000       0x54 c:/winavr-20100110/bin/../lib/gcc/avr/4.3.3/../../../../avr/lib/avr5/crtm32.o
                0x00000000                __vectors
                0x00000000                __vector_default
 *(.vectors)
 *(.progmem.gcc*)
 *(.progmem*)
                0x00000054                . = ALIGN (0x2)
                0x00000054                __trampolines_start = .
 *(.trampolines)
 .trampolines   0x00000054        0x0 linker stubs
 *(.trampolines*)
                0x00000054                __trampolines_end = .
 *(.jumptables)
 *(.jumptables*)
 *(.lowtext)
 *(.lowtext*)
                0x00000054                __ctors_start = .
 *(.ctors)
                0x00000054                __ctors_end = .
                0x00000054                __dtors_start = .
 *(.dtors)
                0x00000054                __dtors_end = .
 SORT(*)(.ctors)
 SORT(*)(.dtors)
 *(.init0)
 .init0         0x00000054        0x0 c:/winavr-20100110/bin/../lib/gcc/avr/4.3.3/../../../../avr/lib/avr5/crtm32.o
                0x00000054                __init
 *(.init0)
 *(.init1)
 *(.init1)
 *(.init2)
 .init2         0x00000054        0xc c:/winavr-20100110/bin/../lib/gcc/avr/4.3.3/../../../../avr/lib/avr5/crtm32.o
 *(.init2)
 *(.init3)
 *(.init3)
 *(.init4)
 .init4         0x00000060       0x16 c:/winavr-20100110/bin/../lib/gcc/avr/4.3.3/avr5\libgcc.a(_copy_data.o)
                0x00000060                __do_copy_data
 .init4         0x00000076       0x10 c:/winavr-20100110/bin/../lib/gcc/avr/4.3.3/avr5\libgcc.a(_clear_bss.o)
                0x00000076                __do_clear_bss
 *(.init4)
 *(.init5)
 *(.init5)
 *(.init6)
 *(.init6)
 *(.init7)
 *(.init7)
 *(.init8)
 *(.init8)
 *(.init9)
 .init9         0x00000086        0x8 c:/winavr-20100110/bin/../lib/gcc/avr/4.3.3/../../../../avr/lib/avr5/crtm32.o
 *(.init9)
 *(.text)
 .text          0x0000008e        0x4 c:/winavr-20100110/bin/../lib/gcc/avr/4.3.3/../../../../avr/lib/avr5/crtm32.o
                0x0000008e                __vector_1
                0x0000008e                __vector_12
                0x0000008e                __bad_interrupt
                0x0000008e                __vector_6
                0x0000008e                __vector_3
                0x0000008e                __vector_11
                0x0000008e                __vector_17
                0x0000008e                __vector_19
                0x0000008e                __vector_5
                0x0000008e                __vector_4
                0x0000008e                __vector_9
                0x0000008e                __vector_2
                0x0000008e                __vector_8
                0x0000008e                __vector_14
                0x0000008e                __vector_10
                0x0000008e                __vector_16
                0x0000008e                __vector_18
                0x0000008e                __vector_20
 .text          0x00000092        0x0 ./SERVICES/FreeRTOS/Source/portable/MemMang/heap_4.o
 .text          0x00000092        0x0 ./SERVICES/FreeRTOS/Source/portable/GCC/ATMega323/port.o
 .text          0x00000092        0x0 ./SERVICES/FreeRTOS/Source/list.o
 .text          0x00000092        0x0 ./SERVICES/FreeRTOS/Source/queue.o
 .text          0x00000092        0x0 ./SERVICES/FreeRTOS/Source/tasks.o
 .text          0x00000092        0x0 ./SERVICES/FreeRTOS/Source/timers.o
 .text          0x00000092        0x0 ./MCAL/uart/uart.o
 .text          0x00000092        0x0 ./MCAL/spi/Spi.o
 .text          0x00000092        0x0 ./MCAL/I2C/i2c.o
 .text          0x00000092        0x0 ./MCAL/Dio/dio.o
 .text          0x00000092        0x0 ./HAL/lcd/lcd.o
 .text          0x00000092        0x0 ./HAL/keypad/keypad.o
 .text          0x00000092        0x0 ./HAL/eep24C08/eep_24c08.o
 .text          0x00000092        0x0 ./HAL/Led/led.o
 .text          0x00000092        0x0 ./HAL/Button/button.o
 .text          0x00000092        0x0 ./main.o
 .text          0x00000092        0x0 c:/winavr-20100110/bin/../lib/gcc/avr/4.3.3/avr5\libgcc.a(_udivmodhi4.o)
 .text          0x00000092        0x0 c:/winavr-20100110/bin/../lib/gcc/avr/4.3.3/avr5\libgcc.a(_divmodsi4.o)
 .text          0x00000092        0x0 c:/winavr-20100110/bin/../lib/gcc/avr/4.3.3/avr5\libgcc.a(_exit.o)
 .text          0x00000092        0x0 c:/winavr-20100110/bin/../lib/gcc/avr/4.3.3/avr5\libgcc.a(_copy_data.o)
 .text          0x00000092        0x0 c:/winavr-20100110/bin/../lib/gcc/avr/4.3.3/avr5\libgcc.a(_clear_bss.o)
 .text          0x00000092        0x0 c:/winavr-20100110/bin/../lib/gcc/avr/4.3.3/avr5\libgcc.a(_udivmodsi4.o)
 .text          0x00000092        0x0 c:/winavr-20100110/bin/../lib/gcc/avr/4.3.3/../../../../avr/lib/avr5\libc.a(memcpy.o)
 .text          0x00000092        0x0 c:/winavr-20100110/bin/../lib/gcc/avr/4.3.3/../../../../avr/lib/avr5\libc.a(memset.o)
                0x00000092                . = ALIGN (0x2)
 *(.text.*)
 .text.xPortGetFreeHeapSize
                0x00000092        0xa ./SERVICES/FreeRTOS/Source/portable/MemMang/heap_4.o
                0x00000092                xPortGetFreeHeapSize
 .text.xPortGetMinimumEverFreeHeapSize
                0x0000009c        0xa ./SERVICES/FreeRTOS/Source/portable/MemMang/heap_4.o
                0x0000009c                xPortGetMinimumEverFreeHeapSize
 .text.vPortInitialiseBlocks
                0x000000a6        0x2 ./SERVICES/FreeRTOS/Source/portable/MemMang/heap_4.o
                0x000000a6                vPortInitialiseBlocks
 .text.prvInsertBlockIntoFreeList
                0x000000a8       0x86 ./SERVICES/FreeRTOS/Source/portable/MemMang/heap_4.o
 .text.vPortGetHeapStats
                0x0000012e       0xc8 ./SERVICES/FreeRTOS/Source/portable/MemMang/heap_4.o
                0x0000012e                vPortGetHeapStats
 .text.vPortFree
                0x000001f6       0x60 ./SERVICES/FreeRTOS/Source/portable/MemMang/heap_4.o
                0x000001f6                vPortFree
 .text.pvPortMalloc
                0x00000256      0x170 ./SERVICES/FreeRTOS/Source/portable/MemMang/heap_4.o
                0x00000256                pvPortMalloc
 .text.pvPortCalloc
                0x000003c6       0x5a ./SERVICES/FreeRTOS/Source/portable/MemMang/heap_4.o
                0x000003c6                pvPortCalloc
 .text.pxPortInitialiseStack
                0x00000420       0x90 ./SERVICES/FreeRTOS/Source/portable/GCC/ATMega323/port.o
                0x00000420                pxPortInitialiseStack
 .text.xPortStartScheduler
                0x000004b0       0x6a ./SERVICES/FreeRTOS/Source/portable/GCC/ATMega323/port.o
                0x000004b0                xPortStartScheduler
 .text.vPortEndScheduler
                0x0000051a        0x2 ./SERVICES/FreeRTOS/Source/portable/GCC/ATMega323/port.o
                0x0000051a                vPortEndScheduler
 .text.vPortYieldFromTick
                0x0000051c       0xba ./SERVICES/FreeRTOS/Source/portable/GCC/ATMega323/port.o
                0x0000051c                vPortYieldFromTick
 .text.__vector_7
                0x000005d6        0x6 ./SERVICES/FreeRTOS/Source/portable/GCC/ATMega323/port.o
                0x000005d6                __vector_7
 .text.vPortYield
                0x000005dc       0xb2 ./SERVICES/FreeRTOS/Source/portable/GCC/ATMega323/port.o
                0x000005dc                vPortYield
 .text.vListInitialise
                0x0000068e       0x20 ./SERVICES/FreeRTOS/Source/list.o
                0x0000068e                vListInitialise
 .text.vListInitialiseItem
                0x000006ae        0x8 ./SERVICES/FreeRTOS/Source/list.o
                0x000006ae                vListInitialiseItem
 .text.vListInsertEnd
                0x000006b6       0x3e ./SERVICES/FreeRTOS/Source/list.o
                0x000006b6                vListInsertEnd
 .text.vListInsert
                0x000006f4       0x64 ./SERVICES/FreeRTOS/Source/list.o
                0x000006f4                vListInsert
 .text.uxListRemove
                0x00000758       0x56 ./SERVICES/FreeRTOS/Source/list.o
                0x00000758                uxListRemove
 .text.uxQueueMessagesWaiting
                0x000007ae       0x10 ./SERVICES/FreeRTOS/Source/queue.o
                0x000007ae                uxQueueMessagesWaiting
 .text.uxQueueSpacesAvailable
                0x000007be       0x14 ./SERVICES/FreeRTOS/Source/queue.o
                0x000007be                uxQueueSpacesAvailable
 .text.uxQueueMessagesWaitingFromISR
                0x000007d2        0x6 ./SERVICES/FreeRTOS/Source/queue.o
                0x000007d2                uxQueueMessagesWaitingFromISR
 .text.xQueueIsQueueEmptyFromISR
                0x000007d8       0x10 ./SERVICES/FreeRTOS/Source/queue.o
                0x000007d8                xQueueIsQueueEmptyFromISR
 .text.xQueueIsQueueFullFromISR
                0x000007e8       0x12 ./SERVICES/FreeRTOS/Source/queue.o
                0x000007e8                xQueueIsQueueFullFromISR
 .text.vQueueDelete
                0x000007fa        0x6 ./SERVICES/FreeRTOS/Source/queue.o
                0x000007fa                vQueueDelete
 .text.prvCopyDataFromQueue
                0x00000800       0x3c ./SERVICES/FreeRTOS/Source/queue.o
 .text.xQueuePeekFromISR
                0x0000083c       0x2a ./SERVICES/FreeRTOS/Source/queue.o
                0x0000083c                xQueuePeekFromISR
 .text.prvCopyDataToQueue
                0x00000866       0x94 ./SERVICES/FreeRTOS/Source/queue.o
 .text.xQueueReceiveFromISR
                0x000008fa       0x64 ./SERVICES/FreeRTOS/Source/queue.o
                0x000008fa                xQueueReceiveFromISR
 .text.xQueueGiveFromISR
                0x0000095e       0x5e ./SERVICES/FreeRTOS/Source/queue.o
                0x0000095e                xQueueGiveFromISR
 .text.xQueueGenericSendFromISR
                0x000009bc       0x68 ./SERVICES/FreeRTOS/Source/queue.o
                0x000009bc                xQueueGenericSendFromISR
 .text.prvUnlockQueue
                0x00000a24       0x84 ./SERVICES/FreeRTOS/Source/queue.o
 .text.xQueuePeek
                0x00000aa8      0x152 ./SERVICES/FreeRTOS/Source/queue.o
                0x00000aa8                xQueuePeek
 .text.xQueueSemaphoreTake
                0x00000bfa      0x13e ./SERVICES/FreeRTOS/Source/queue.o
                0x00000bfa                xQueueSemaphoreTake
 .text.xQueueReceive
                0x00000d38      0x156 ./SERVICES/FreeRTOS/Source/queue.o
                0x00000d38                xQueueReceive
 .text.xQueueGenericSend
                0x00000e8e      0x156 ./SERVICES/FreeRTOS/Source/queue.o
                0x00000e8e                xQueueGenericSend
 .text.xQueueGenericReset
                0x00000fe4       0xb4 ./SERVICES/FreeRTOS/Source/queue.o
                0x00000fe4                xQueueGenericReset
 .text.xQueueGenericCreate
                0x00001098       0x70 ./SERVICES/FreeRTOS/Source/queue.o
                0x00001098                xQueueGenericCreate
 .text.vTaskSuspendAll
                0x00001108        0xc ./SERVICES/FreeRTOS/Source/tasks.o
                0x00001108                vTaskSuspendAll
 .text.xTaskGetTickCount
                0x00001114       0x16 ./SERVICES/FreeRTOS/Source/tasks.o
                0x00001114                xTaskGetTickCount
 .text.xTaskGetTickCountFromISR
                0x0000112a        0xc ./SERVICES/FreeRTOS/Source/tasks.o
                0x0000112a                xTaskGetTickCountFromISR
 .text.uxTaskGetNumberOfTasks
                0x00001136        0x6 ./SERVICES/FreeRTOS/Source/tasks.o
                0x00001136                uxTaskGetNumberOfTasks
 .text.pcTaskGetName
                0x0000113c       0x16 ./SERVICES/FreeRTOS/Source/tasks.o
                0x0000113c                pcTaskGetName
 .text.xTaskIncrementTick
                0x00001152      0x230 ./SERVICES/FreeRTOS/Source/tasks.o
                0x00001152                xTaskIncrementTick
 .text.vTaskSwitchContext
                0x00001382       0x74 ./SERVICES/FreeRTOS/Source/tasks.o
                0x00001382                vTaskSwitchContext
 .text.xTaskRemoveFromEventList
                0x000013f6      0x166 ./SERVICES/FreeRTOS/Source/tasks.o
                0x000013f6                xTaskRemoveFromEventList
 .text.vTaskRemoveFromUnorderedEventList
                0x0000155c      0x134 ./SERVICES/FreeRTOS/Source/tasks.o
                0x0000155c                vTaskRemoveFromUnorderedEventList
 .text.vTaskSetTimeOutState
                0x00001690       0x20 ./SERVICES/FreeRTOS/Source/tasks.o
                0x00001690                vTaskSetTimeOutState
 .text.vTaskInternalSetTimeOutState
                0x000016b0       0x16 ./SERVICES/FreeRTOS/Source/tasks.o
                0x000016b0                vTaskInternalSetTimeOutState
 .text.xTaskCheckForTimeOut
                0x000016c6       0x6a ./SERVICES/FreeRTOS/Source/tasks.o
                0x000016c6                xTaskCheckForTimeOut
 .text.vTaskMissedYield
                0x00001730        0x8 ./SERVICES/FreeRTOS/Source/tasks.o
                0x00001730                vTaskMissedYield
 .text.xTaskGetCurrentTaskHandle
                0x00001738        0xc ./SERVICES/FreeRTOS/Source/tasks.o
                0x00001738                xTaskGetCurrentTaskHandle
 .text.uxTaskResetEventItemValue
                0x00001744       0x30 ./SERVICES/FreeRTOS/Source/tasks.o
                0x00001744                uxTaskResetEventItemValue
 .text.xTaskGenericNotifyFromISR
                0x00001774      0x1f8 ./SERVICES/FreeRTOS/Source/tasks.o
                0x00001774                xTaskGenericNotifyFromISR
 .text.vTaskGenericNotifyGiveFromISR
                0x0000196c      0x164 ./SERVICES/FreeRTOS/Source/tasks.o
                0x0000196c                vTaskGenericNotifyGiveFromISR
 .text.xTaskGenericNotifyStateClear
                0x00001ad0       0x2c ./SERVICES/FreeRTOS/Source/tasks.o
                0x00001ad0                xTaskGenericNotifyStateClear
 .text.ulTaskGenericNotifyValueClear
                0x00001afc       0x68 ./SERVICES/FreeRTOS/Source/tasks.o
                0x00001afc                ulTaskGenericNotifyValueClear
 .text.xTaskGenericNotify
                0x00001b64      0x19c ./SERVICES/FreeRTOS/Source/tasks.o
                0x00001b64                xTaskGenericNotify
 .text.xTaskResumeAll
                0x00001d00      0x1bc ./SERVICES/FreeRTOS/Source/tasks.o
                0x00001d00                xTaskResumeAll
 .text.xTaskCatchUpTicks
                0x00001ebc       0x2e ./SERVICES/FreeRTOS/Source/tasks.o
                0x00001ebc                xTaskCatchUpTicks
 .text.prvAddCurrentTaskToDelayedList
                0x00001eea       0x88 ./SERVICES/FreeRTOS/Source/tasks.o
 .text.xTaskGenericNotifyWait
                0x00001f72      0x140 ./SERVICES/FreeRTOS/Source/tasks.o
                0x00001f72                xTaskGenericNotifyWait
 .text.ulTaskGenericNotifyTake
                0x000020b2       0xe8 ./SERVICES/FreeRTOS/Source/tasks.o
                0x000020b2                ulTaskGenericNotifyTake
 .text.vTaskPlaceOnUnorderedEventList
                0x0000219a       0x88 ./SERVICES/FreeRTOS/Source/tasks.o
                0x0000219a                vTaskPlaceOnUnorderedEventList
 .text.vTaskDelay
                0x00002222       0x26 ./SERVICES/FreeRTOS/Source/tasks.o
                0x00002222                vTaskDelay
 .text.xTaskDelayUntil
                0x00002248       0x66 ./SERVICES/FreeRTOS/Source/tasks.o
                0x00002248                xTaskDelayUntil
 .text.vTaskPlaceOnEventList
                0x000022ae       0x24 ./SERVICES/FreeRTOS/Source/tasks.o
                0x000022ae                vTaskPlaceOnEventList
 .text.vTaskEndScheduler
                0x000022d2        0xc ./SERVICES/FreeRTOS/Source/tasks.o
                0x000022d2                vTaskEndScheduler
 .text.prvIdleTask
                0x000022de       0x5e ./SERVICES/FreeRTOS/Source/tasks.o
 .text.vTaskDelete
                0x0000233c       0xe4 ./SERVICES/FreeRTOS/Source/tasks.o
                0x0000233c                vTaskDelete
 .text.xTaskCreate
                0x00002420      0x236 ./SERVICES/FreeRTOS/Source/tasks.o
                0x00002420                xTaskCreate
 .text.vTaskStartScheduler
                0x00002656       0x54 ./SERVICES/FreeRTOS/Source/tasks.o
                0x00002656                vTaskStartScheduler
 .text.UART_Init
                0x000026aa       0x10 ./MCAL/uart/uart.o
                0x000026aa                UART_Init
 .text.UART_TransmitChr
                0x000026ba       0x14 ./MCAL/uart/uart.o
                0x000026ba                UART_TransmitChr
 .text.UART_ReceiveChr
                0x000026ce        0x8 ./MCAL/uart/uart.o
                0x000026ce                UART_ReceiveChr
 .text.UART_TransmitStrPoll
                0x000026d6       0x20 ./MCAL/uart/uart.o
                0x000026d6                UART_TransmitStrPoll
 .text.UART_Receivestr
                0x000026f6       0x1c ./MCAL/uart/uart.o
                0x000026f6                UART_Receivestr
 .text.uart_sendByte
                0x00002712        0x4 ./MCAL/uart/uart.o
                0x00002712                uart_sendByte
 .text.uart_sendMessage
                0x00002716       0x2c ./MCAL/uart/uart.o
                0x00002716                uart_sendMessage
 .text.uart_isMessageReceived
                0x00002742        0x6 ./MCAL/uart/uart.o
                0x00002742                uart_isMessageReceived
 .text.uart_receiveMessage
                0x00002748       0x22 ./MCAL/uart/uart.o
                0x00002748                uart_receiveMessage
 .text.__vector_15
                0x0000276a       0x32 ./MCAL/uart/uart.o
                0x0000276a                __vector_15
 .text.__vector_13
                0x0000279c       0x4c ./MCAL/uart/uart.o
                0x0000279c                __vector_13
 .text.Spi_u8MasterRead
                0x000027e8        0xc ./MCAL/spi/Spi.o
                0x000027e8                Spi_u8MasterRead
 .text.Spi_u8MasterTranseve
                0x000027f4        0xa ./MCAL/spi/Spi.o
                0x000027f4                Spi_u8MasterTranseve
 .text.Spi_u8SlaveRead
                0x000027fe        0x8 ./MCAL/spi/Spi.o
                0x000027fe                Spi_u8SlaveRead
 .text.Spi_vidSlaveWrite
                0x00002806        0x4 ./MCAL/spi/Spi.o
                0x00002806                Spi_vidSlaveWrite
 .text.Spi_MasterWrite
                0x0000280a       0x22 ./MCAL/spi/Spi.o
                0x0000280a                Spi_MasterWrite
 .text.Spi_vidSlaveInit
                0x0000282c       0x32 ./MCAL/spi/Spi.o
                0x0000282c                Spi_vidSlaveInit
 .text.Spi_vidMasterInit
                0x0000285e       0x3a ./MCAL/spi/Spi.o
                0x0000285e                Spi_vidMasterInit
 .text.I2C_MasterInit
                0x00002898        0xc ./MCAL/I2C/i2c.o
                0x00002898                I2C_MasterInit
 .text.I2C_SlaveInit
                0x000028a4       0x12 ./MCAL/I2C/i2c.o
                0x000028a4                I2C_SlaveInit
 .text.I2C_StartCondition
                0x000028b6       0x1a ./MCAL/I2C/i2c.o
                0x000028b6                I2C_StartCondition
 .text.I2C_RepeatedStartCondition
                0x000028d0       0x1c ./MCAL/I2C/i2c.o
                0x000028d0                I2C_RepeatedStartCondition
 .text.I2C_StopCondition
                0x000028ec        0xe ./MCAL/I2C/i2c.o
                0x000028ec                I2C_StopCondition
 .text.I2C_WriteByte
                0x000028fa       0x24 ./MCAL/I2C/i2c.o
                0x000028fa                I2C_WriteByte
 .text.I2C_Send_SlaveAddressWriteOperation
                0x0000291e       0x20 ./MCAL/I2C/i2c.o
                0x0000291e                I2C_Send_SlaveAddressWriteOperation
 .text.I2C_Send_SlaveAddressReadOperation
                0x0000293e       0x22 ./MCAL/I2C/i2c.o
                0x0000293e                I2C_Send_SlaveAddressReadOperation
 .text.I2C_ReadByte
                0x00002960       0x10 ./MCAL/I2C/i2c.o
                0x00002960                I2C_ReadByte
 .text.I2C_ReadStatus
                0x00002970        0x6 ./MCAL/I2C/i2c.o
                0x00002970                I2C_ReadStatus
 .text.dio_vidConfigChannel
                0x00002976       0xdc ./MCAL/Dio/dio.o
                0x00002976                dio_vidConfigChannel
 .text.dio_vidWriteChannel
                0x00002a52       0xdc ./MCAL/Dio/dio.o
                0x00002a52                dio_vidWriteChannel
 .text.dio_vidWriteChannelGroup
                0x00002b2e        0x2 ./MCAL/Dio/dio.o
                0x00002b2e                dio_vidWriteChannelGroup
 .text.dio_vidFlipChannel
                0x00002b30       0x6a ./MCAL/Dio/dio.o
                0x00002b30                dio_vidFlipChannel
 .text.dio_dioLevelReadChannel
                0x00002b9a       0x40 ./MCAL/Dio/dio.o
                0x00002b9a                dio_dioLevelReadChannel
 .text.dio_vidEnablePullUp
                0x00002bda       0x6a ./MCAL/Dio/dio.o
                0x00002bda                dio_vidEnablePullUp
 .text.enablePulse
                0x00002c44       0x24 ./HAL/lcd/lcd.o
 .text.lcd_vidSendData
                0x00002c68       0x92 ./HAL/lcd/lcd.o
                0x00002c68                lcd_vidSendData
 .text.lcd_vidDisplayNum
                0x00002cfa       0xde ./HAL/lcd/lcd.o
                0x00002cfa                lcd_vidDisplayNum
 .text.lcd_vidDisplyChar
                0x00002dd8        0x6 ./HAL/lcd/lcd.o
                0x00002dd8                lcd_vidDisplyChar
 .text.lcd_vidDisplyStr
                0x00002dde       0x1a ./HAL/lcd/lcd.o
                0x00002dde                lcd_vidDisplyStr
 .text.lcd_vidSendCmd
                0x00002df8       0x9a ./HAL/lcd/lcd.o
                0x00002df8                lcd_vidSendCmd
 .text.lcd_vidClrDislay
                0x00002e92       0x10 ./HAL/lcd/lcd.o
                0x00002e92                lcd_vidClrDislay
 .text.lcd_vidCustomWrite
                0x00002ea2       0x60 ./HAL/lcd/lcd.o
                0x00002ea2                lcd_vidCustomWrite
 .text.lcd_vidGotoRowColumn
                0x00002f02       0x32 ./HAL/lcd/lcd.o
                0x00002f02                lcd_vidGotoRowColumn
 .text.lcd_vidInit
                0x00002f34       0x96 ./HAL/lcd/lcd.o
                0x00002f34                lcd_vidInit
 .text.keypad_GetCol
                0x00002fca       0x72 ./HAL/keypad/keypad.o
                0x00002fca                keypad_GetCol
 .text.keypad_GetRow
                0x0000303c       0xae ./HAL/keypad/keypad.o
                0x0000303c                keypad_GetRow
 .text.keypad_bolIsPressed
                0x000030ea       0x38 ./HAL/keypad/keypad.o
                0x000030ea                keypad_bolIsPressed
 .text.keypad_u8GetKey
                0x00003122       0x48 ./HAL/keypad/keypad.o
                0x00003122                keypad_u8GetKey
 .text.keypad_vidInit
                0x0000316a       0x7a ./HAL/keypad/keypad.o
                0x0000316a                keypad_vidInit
 .text.eep24c08_writePage
                0x000031e4        0x2 ./HAL/eep24C08/eep_24c08.o
                0x000031e4                eep24c08_writePage
 .text.eep24c08_readCurrAddr
                0x000031e6        0x2 ./HAL/eep24C08/eep_24c08.o
                0x000031e6                eep24c08_readCurrAddr
 .text.eep24c08_readByte
                0x000031e8       0x4e ./HAL/eep24C08/eep_24c08.o
                0x000031e8                eep24c08_readByte
 .text.eep24c08_writeByte
                0x00003236       0x2e ./HAL/eep24C08/eep_24c08.o
                0x00003236                eep24c08_writeByte
 .text.eep24c08_init
                0x00003264        0x6 ./HAL/eep24C08/eep_24c08.o
                0x00003264                eep24c08_init
 .text.led_toggle
                0x0000326a       0x32 ./HAL/Led/led.o
                0x0000326a                led_toggle
 .text.led_off  0x0000329c       0x36 ./HAL/Led/led.o
                0x0000329c                led_off
 .text.led_on   0x000032d2       0x36 ./HAL/Led/led.o
                0x000032d2                led_on
 .text.led_init
                0x00003308       0x36 ./HAL/Led/led.o
                0x00003308                led_init
 .text.button_getStatus
                0x0000333e       0xb0 ./HAL/Button/button.o
                0x0000333e                button_getStatus
 .text.button_init
                0x000033ee       0x5a ./HAL/Button/button.o
                0x000033ee                button_init
 .text.ledOFF   0x00003448       0x22 ./main.o
                0x00003448                ledOFF
 .text.ledON    0x0000346a       0x22 ./main.o
                0x0000346a                ledON
 .text.prvSetupHardware
                0x0000348c       0x12 ./main.o
                0x0000348c                prvSetupHardware
 .text.main     0x0000349e       0x54 ./main.o
                0x0000349e                main
 .text.libgcc   0x000034f2       0x28 c:/winavr-20100110/bin/../lib/gcc/avr/4.3.3/avr5\libgcc.a(_udivmodhi4.o)
                0x000034f2                __udivmodhi4
 .text.libgcc   0x0000351a       0x36 c:/winavr-20100110/bin/../lib/gcc/avr/4.3.3/avr5\libgcc.a(_divmodsi4.o)
                0x0000351a                __divmodsi4
 .text.libgcc   0x00003550        0x0 c:/winavr-20100110/bin/../lib/gcc/avr/4.3.3/avr5\libgcc.a(_exit.o)
 .text.libgcc   0x00003550        0x0 c:/winavr-20100110/bin/../lib/gcc/avr/4.3.3/avr5\libgcc.a(_copy_data.o)
 .text.libgcc   0x00003550        0x0 c:/winavr-20100110/bin/../lib/gcc/avr/4.3.3/avr5\libgcc.a(_clear_bss.o)
 .text.libgcc   0x00003550       0x44 c:/winavr-20100110/bin/../lib/gcc/avr/4.3.3/avr5\libgcc.a(_udivmodsi4.o)
                0x00003550                __udivmodsi4
 .text.avr-libc
                0x00003594       0x12 c:/winavr-20100110/bin/../lib/gcc/avr/4.3.3/../../../../avr/lib/avr5\libc.a(memcpy.o)
                0x00003594                memcpy
 .text.avr-libc
                0x000035a6        0xe c:/winavr-20100110/bin/../lib/gcc/avr/4.3.3/../../../../avr/lib/avr5\libc.a(memset.o)
                0x000035a6                memset
                0x000035b4                . = ALIGN (0x2)
 *(.fini9)
 .fini9         0x000035b4        0x0 c:/winavr-20100110/bin/../lib/gcc/avr/4.3.3/avr5\libgcc.a(_exit.o)
                0x000035b4                exit
                0x000035b4                _exit
 *(.fini9)
 *(.fini8)
 *(.fini8)
 *(.fini7)
 *(.fini7)
 *(.fini6)
 *(.fini6)
 *(.fini5)
 *(.fini5)
 *(.fini4)
 *(.fini4)
 *(.fini3)
 *(.fini3)
 *(.fini2)
 *(.fini2)
 *(.fini1)
 *(.fini1)
 *(.fini0)
 .fini0         0x000035b4        0x4 c:/winavr-20100110/bin/../lib/gcc/avr/4.3.3/avr5\libgcc.a(_exit.o)
 *(.fini0)
                0x000035b8                _etext = .

.data           0x00800060       0x76 load address 0x000035b8
                0x00800060                PROVIDE (__data_start, .)
 *(.data)
 .data          0x00800060        0x0 c:/winavr-20100110/bin/../lib/gcc/avr/4.3.3/../../../../avr/lib/avr5/crtm32.o
 .data          0x00800060        0x0 ./SERVICES/FreeRTOS/Source/portable/MemMang/heap_4.o
 .data          0x00800060        0x0 ./SERVICES/FreeRTOS/Source/portable/GCC/ATMega323/port.o
 .data          0x00800060        0x0 ./SERVICES/FreeRTOS/Source/list.o
 .data          0x00800060        0x0 ./SERVICES/FreeRTOS/Source/queue.o
 .data          0x00800060        0x5 ./SERVICES/FreeRTOS/Source/tasks.o
 .data          0x00800065        0x0 ./SERVICES/FreeRTOS/Source/timers.o
 .data          0x00800065        0x0 ./MCAL/uart/uart.o
 .data          0x00800065        0x0 ./MCAL/spi/Spi.o
 .data          0x00800065        0x0 ./MCAL/I2C/i2c.o
 .data          0x00800065        0x0 ./MCAL/Dio/dio.o
 .data          0x00800065        0x0 ./HAL/lcd/lcd.o
 .data          0x00800065        0x0 ./HAL/keypad/keypad.o
 .data          0x00800065        0x0 ./HAL/eep24C08/eep_24c08.o
 .data          0x00800065        0x0 ./HAL/Led/led.o
 .data          0x00800065        0x0 ./HAL/Button/button.o
 .data          0x00800065       0x20 ./main.o
 .data          0x00800085        0x0 c:/winavr-20100110/bin/../lib/gcc/avr/4.3.3/avr5\libgcc.a(_udivmodhi4.o)
 .data          0x00800085        0x0 c:/winavr-20100110/bin/../lib/gcc/avr/4.3.3/avr5\libgcc.a(_divmodsi4.o)
 .data          0x00800085        0x0 c:/winavr-20100110/bin/../lib/gcc/avr/4.3.3/avr5\libgcc.a(_exit.o)
 .data          0x00800085        0x0 c:/winavr-20100110/bin/../lib/gcc/avr/4.3.3/avr5\libgcc.a(_copy_data.o)
 .data          0x00800085        0x0 c:/winavr-20100110/bin/../lib/gcc/avr/4.3.3/avr5\libgcc.a(_clear_bss.o)
 .data          0x00800085        0x0 c:/winavr-20100110/bin/../lib/gcc/avr/4.3.3/avr5\libgcc.a(_udivmodsi4.o)
 .data          0x00800085        0x0 c:/winavr-20100110/bin/../lib/gcc/avr/4.3.3/../../../../avr/lib/avr5\libc.a(memcpy.o)
 .data          0x00800085        0x0 c:/winavr-20100110/bin/../lib/gcc/avr/4.3.3/../../../../avr/lib/avr5\libc.a(memset.o)
 *(.data*)
 .data.uxTopUsedPriority
                0x00800085        0x1 ./SERVICES/FreeRTOS/Source/tasks.o
                0x00800085                uxTopUsedPriority
 .data.customChar
                0x00800086       0x40 ./HAL/lcd/lcd.o
                0x00800086                customChar
 *(.rodata)
 *(.rodata*)
 .rodata.keys_value
                0x008000c6       0x10 ./HAL/keypad/keypad.o
 *(.gnu.linkonce.d*)
                0x008000d6                . = ALIGN (0x2)
                0x008000d6                _edata = .
                0x008000d6                PROVIDE (__data_end, .)

.bss            0x008000d6      0x393
                0x008000d6                PROVIDE (__bss_start, .)
 *(.bss)
 .bss           0x008000d6        0x0 c:/winavr-20100110/bin/../lib/gcc/avr/4.3.3/../../../../avr/lib/avr5/crtm32.o
 .bss           0x008000d6        0x0 ./SERVICES/FreeRTOS/Source/portable/MemMang/heap_4.o
 .bss           0x008000d6        0x0 ./SERVICES/FreeRTOS/Source/portable/GCC/ATMega323/port.o
 .bss           0x008000d6        0x0 ./SERVICES/FreeRTOS/Source/list.o
 .bss           0x008000d6        0x0 ./SERVICES/FreeRTOS/Source/queue.o
 .bss           0x008000d6        0x0 ./SERVICES/FreeRTOS/Source/tasks.o
 .bss           0x008000d6        0x0 ./SERVICES/FreeRTOS/Source/timers.o
 .bss           0x008000d6        0x0 ./MCAL/uart/uart.o
 .bss           0x008000d6        0x0 ./MCAL/spi/Spi.o
 .bss           0x008000d6        0x0 ./MCAL/I2C/i2c.o
 .bss           0x008000d6        0x0 ./MCAL/Dio/dio.o
 .bss           0x008000d6        0x0 ./HAL/lcd/lcd.o
 .bss           0x008000d6        0x0 ./HAL/keypad/keypad.o
 .bss           0x008000d6        0x0 ./HAL/eep24C08/eep_24c08.o
 .bss           0x008000d6        0x0 ./HAL/Led/led.o
 .bss           0x008000d6        0x0 ./HAL/Button/button.o
 .bss           0x008000d6        0x0 ./main.o
 .bss           0x008000d6        0x0 c:/winavr-20100110/bin/../lib/gcc/avr/4.3.3/avr5\libgcc.a(_udivmodhi4.o)
 .bss           0x008000d6        0x0 c:/winavr-20100110/bin/../lib/gcc/avr/4.3.3/avr5\libgcc.a(_divmodsi4.o)
 .bss           0x008000d6        0x0 c:/winavr-20100110/bin/../lib/gcc/avr/4.3.3/avr5\libgcc.a(_exit.o)
 .bss           0x008000d6        0x0 c:/winavr-20100110/bin/../lib/gcc/avr/4.3.3/avr5\libgcc.a(_copy_data.o)
 .bss           0x008000d6        0x0 c:/winavr-20100110/bin/../lib/gcc/avr/4.3.3/avr5\libgcc.a(_clear_bss.o)
 .bss           0x008000d6        0x0 c:/winavr-20100110/bin/../lib/gcc/avr/4.3.3/avr5\libgcc.a(_udivmodsi4.o)
 .bss           0x008000d6        0x0 c:/winavr-20100110/bin/../lib/gcc/avr/4.3.3/../../../../avr/lib/avr5\libc.a(memcpy.o)
 .bss           0x008000d6        0x0 c:/winavr-20100110/bin/../lib/gcc/avr/4.3.3/../../../../avr/lib/avr5\libc.a(memset.o)
 *(.bss*)
 .bss.pxEnd     0x008000d6        0x2 ./SERVICES/FreeRTOS/Source/portable/MemMang/heap_4.o
 .bss.xFreeBytesRemaining
                0x008000d8        0x2 ./SERVICES/FreeRTOS/Source/portable/MemMang/heap_4.o
 .bss.xNumberOfSuccessfulAllocations
                0x008000da        0x2 ./SERVICES/FreeRTOS/Source/portable/MemMang/heap_4.o
 .bss.xNumberOfSuccessfulFrees
                0x008000dc        0x2 ./SERVICES/FreeRTOS/Source/portable/MemMang/heap_4.o
 .bss.xMinimumEverFreeBytesRemaining
                0x008000de        0x2 ./SERVICES/FreeRTOS/Source/portable/MemMang/heap_4.o
 .bss.ucHeap    0x008000e0      0x258 ./SERVICES/FreeRTOS/Source/portable/MemMang/heap_4.o
 .bss.xStart    0x00800338        0x4 ./SERVICES/FreeRTOS/Source/portable/MemMang/heap_4.o
 .bss.pxCurrentTCB
                0x0080033c        0x2 ./SERVICES/FreeRTOS/Source/tasks.o
                0x0080033c                pxCurrentTCB
 .bss.uxSchedulerSuspended
                0x0080033e        0x1 ./SERVICES/FreeRTOS/Source/tasks.o
 .bss.uxTopReadyPriority
                0x0080033f        0x1 ./SERVICES/FreeRTOS/Source/tasks.o
 .bss.xYieldPending
                0x00800340        0x1 ./SERVICES/FreeRTOS/Source/tasks.o
 .bss.xTickCount
                0x00800341        0x2 ./SERVICES/FreeRTOS/Source/tasks.o
 .bss.xNextTaskUnblockTime
                0x00800343        0x2 ./SERVICES/FreeRTOS/Source/tasks.o
 .bss.xNumOfOverflows
                0x00800345        0x1 ./SERVICES/FreeRTOS/Source/tasks.o
 .bss.xPendedTicks
                0x00800346        0x2 ./SERVICES/FreeRTOS/Source/tasks.o
 .bss.uxCurrentNumberOfTasks
                0x00800348        0x1 ./SERVICES/FreeRTOS/Source/tasks.o
 .bss.xSchedulerRunning
                0x00800349        0x1 ./SERVICES/FreeRTOS/Source/tasks.o
 .bss.xIdleTaskHandle
                0x0080034a        0x2 ./SERVICES/FreeRTOS/Source/tasks.o
 .bss.uxDeletedTasksWaitingCleanUp
                0x0080034c        0x1 ./SERVICES/FreeRTOS/Source/tasks.o
 .bss.uxTaskNumber
                0x0080034d        0x1 ./SERVICES/FreeRTOS/Source/tasks.o
 .bss.pxReadyTasksLists
                0x0080034e       0x24 ./SERVICES/FreeRTOS/Source/tasks.o
 .bss.xDelayedTaskList1
                0x00800372        0x9 ./SERVICES/FreeRTOS/Source/tasks.o
 .bss.xDelayedTaskList2
                0x0080037b        0x9 ./SERVICES/FreeRTOS/Source/tasks.o
 .bss.pxDelayedTaskList
                0x00800384        0x2 ./SERVICES/FreeRTOS/Source/tasks.o
 .bss.pxOverflowDelayedTaskList
                0x00800386        0x2 ./SERVICES/FreeRTOS/Source/tasks.o
 .bss.xPendingReadyList
                0x00800388        0x9 ./SERVICES/FreeRTOS/Source/tasks.o
 .bss.xTasksWaitingTermination
                0x00800391        0x9 ./SERVICES/FreeRTOS/Source/tasks.o
 .bss.uart_TxBufferIndex
                0x0080039a        0x1 ./MCAL/uart/uart.o
                0x0080039a                uart_TxBufferIndex
 .bss.uart_RxBufferIndex
                0x0080039b        0x1 ./MCAL/uart/uart.o
                0x0080039b                uart_RxBufferIndex
 .bss.xHandleLed1
                0x0080039c        0x2 ./main.o
                0x0080039c                xHandleLed1
 .bss.xHandleLed2
                0x0080039e        0x2 ./main.o
                0x0080039e                xHandleLed2
 *(COMMON)
 COMMON         0x008003a0       0xc9 ./MCAL/uart/uart.o
                0x008003a0                uart_TxBuffer
                0x00800404                uart_rx_flag
                0x00800405                uart_RxBuffer
                0x00800469                PROVIDE (__bss_end, .)
                0x000035b8                __data_load_start = LOADADDR (.data)
                0x0000362e                __data_load_end = (__data_load_start + SIZEOF (.data))

.noinit         0x00800469        0x0
                0x00800469                PROVIDE (__noinit_start, .)
 *(.noinit*)
                0x00800469                PROVIDE (__noinit_end, .)
                0x00800469                _end = .
                0x00800469                PROVIDE (__heap_start, .)

.eeprom         0x00810000        0x0
 *(.eeprom*)
                0x00810000                __eeprom_end = .

.fuse
 *(.fuse)
 *(.lfuse)
 *(.hfuse)
 *(.efuse)

.lock
 *(.lock*)

.signature
 *(.signature*)

.stab           0x00000000     0x7f74
 *(.stab)
 .stab          0x00000000      0xcf0 ./SERVICES/FreeRTOS/Source/portable/MemMang/heap_4.o
 .stab          0x00000cf0      0x558 ./SERVICES/FreeRTOS/Source/portable/GCC/ATMega323/port.o
                                0xa14 (size before relaxing)
 .stab          0x00001248      0x474 ./SERVICES/FreeRTOS/Source/list.o
                                0x870 (size before relaxing)
 .stab          0x000016bc     0x1668 ./SERVICES/FreeRTOS/Source/queue.o
                               0x1b30 (size before relaxing)
 .stab          0x00002d24     0x2064 ./SERVICES/FreeRTOS/Source/tasks.o
                               0x252c (size before relaxing)
 .stab          0x00004d88      0x1a4 ./SERVICES/FreeRTOS/Source/timers.o
                                0x6cc (size before relaxing)
 .stab          0x00004f2c      0x648 ./MCAL/uart/uart.o
                                0x810 (size before relaxing)
 .stab          0x00005574      0x408 ./MCAL/spi/Spi.o
                                0x480 (size before relaxing)
 .stab          0x0000597c      0x468 ./MCAL/I2C/i2c.o
                                0x57c (size before relaxing)
 .stab          0x00005de4      0x4c8 ./MCAL/Dio/dio.o
                                0x564 (size before relaxing)
 .stab          0x000062ac      0x810 ./HAL/lcd/lcd.o
                                0xaa4 (size before relaxing)
 .stab          0x00006abc      0x504 ./HAL/keypad/keypad.o
                                0x7a4 (size before relaxing)
 .stab          0x00006fc0      0x300 ./HAL/eep24C08/eep_24c08.o
                                0x420 (size before relaxing)
 .stab          0x000072c0      0x2a0 ./HAL/Led/led.o
                                0x3a8 (size before relaxing)
 .stab          0x00007560      0x540 ./HAL/Button/button.o
                                0x7e0 (size before relaxing)
 .stab          0x00007aa0      0x4d4 ./main.o
                                0x918 (size before relaxing)

.stabstr        0x00000000     0x529f
 *(.stabstr)
 .stabstr       0x00000000     0x529f ./SERVICES/FreeRTOS/Source/portable/MemMang/heap_4.o

.stab.excl
 *(.stab.excl)

.stab.exclstr
 *(.stab.exclstr)

.stab.index
 *(.stab.index)

.stab.indexstr
 *(.stab.indexstr)

.comment
 *(.comment)

.debug
 *(.debug)

.line
 *(.line)

.debug_srcinfo
 *(.debug_srcinfo)

.debug_sfnames
 *(.debug_sfnames)

.debug_aranges
 *(.debug_aranges)

.debug_pubnames
 *(.debug_pubnames)

.debug_info
 *(.debug_info)
 *(.gnu.linkonce.wi.*)

.debug_abbrev
 *(.debug_abbrev)

.debug_line
 *(.debug_line)

.debug_frame
 *(.debug_frame)

.debug_str
 *(.debug_str)

.debug_loc
 *(.debug_loc)

.debug_macinfo
 *(.debug_macinfo)
OUTPUT(NTI-4M.elf elf32-avr)
LOAD linker stubs
